ΓÇëELIFECYCLEΓÇë Command failed with exit code 2.
