Vercel CLI 58.7.1 (Node.js 25.3.0)
Retrieving projectΓÇª
Deploying limkahluns-projects/lawcaspro-v5
Uploading [--------------------] (0.0B/123.8MB)
Uploading [=====---------------] (31.0MB/123.8MB)
Uploading [==========----------] (61.9MB/123.8MB)
Uploading [===============-----] (92.8MB/123.8MB)
Uploading [====================] (123.8MB/123.8MB)
  Inspect         https://vercel.com/limkahluns-projects/lawcaspro-v5/BcAa57ntcjD8ZWm4MP1GNWT2zvDA
  Preview         https://lawcaspro-v5-j65sebrnk-limkahluns-projects.vercel.app
BuildingΓÇª
BuildingΓÇª
Running build in Washington, D.C., USA (East) ΓÇô iad1
Build machine configuration: 4 cores, 8 GB
Retrieving list of deployment files...
Concatenating deployment archive files...
Extracting deployment files...
Extracted 20306 deployment files...
Restored build cache from previous deployment (EHf5vW1ajjBJrpGKHzHzRP1J9WEf)
Running "vercel build"
Vercel CLI 58.1.0
Detected `pnpm-lock.yaml` version 9 generated by pnpm@10.x with package.json#packageManager pnpm@9.15.5
Running "install" command: `pnpm install`...
Scope: all 13 workspace projects
Lockfile is up to date, resolution step is skipped
Already up to date
. preinstall$ node preinstall.mjs
. preinstall: Done
Done in 2.8s
> workspace@0.0.0 build /vercel/path0
> pnpm run typecheck && pnpm -C artifacts/api-server run build && pnpm -C artifacts/lawcaspro run build
> workspace@0.0.0 typecheck /vercel/path0
> pnpm run typecheck:libs && pnpm -r --filter "./artifacts/**" --filter "./scripts" --filter "!@workspace/lawcaspro" --filter "!@workspace/lawcaspro-mobile" --if-present run typecheck
> workspace@0.0.0 typecheck:libs /vercel/path0
> pnpm exec tsc --build
artifacts/api-server/src/__tests__/auth-founder-bcrypt-regression.test.ts(5,43): error TS2307: Cannot find module '@workspace/db' or its corresponding type declarations.
artifacts/api-server/src/__tests__/auth-founder-bcrypt-regression.test.ts(19,43): error TS2307: Cannot find module '@workspace/db' or its corresponding type declarations.
artifacts/api-server/src/__tests__/auth-login-admin-db-fallback.test.ts(38,43): error TS2307: Cannot find module '@workspace/db' or its corresponding type declarations.
artifacts/api-server/src/__tests__/auth-me-admin-session-lookup.test.ts(3,85): error TS2307: Cannot find module '@workspace/db' or its corresponding type declarations.
artifacts/api-server/src/__tests__/auth-me-admin-session-lookup.test.ts(24,37): error TS2307: Cannot find module '@workspace/db' or its corresponding type declarations.
artifacts/api-server/src/__tests__/auth-me-admin-session-lookup.test.ts(123,56): error TS2307: Cannot find module '@workspace/db' or its corresponding type declarations.
artifacts/api-server/src/__tests__/auth-me-admin-session-lookup.test.ts(130,43): error TS2307: Cannot find module '@workspace/db' or its corresponding type declarations.
artifacts/api-server/src/__tests__/auth-me-admin-session-lookup.test.ts(131,64): error TS2307: Cannot find module '@workspace/db' or its corresponding type declarations.
artifacts/api-server/src/__tests__/auth-mocked-regression.test.ts(3,85): error TS2307: Cannot find module '@workspace/db' or its corresponding type declarations.
artifacts/api-server/src/__tests__/auth-mocked-regression.test.ts(54,43): error TS2307: Cannot find module '@workspace/db' or its corresponding type declarations.
artifacts/api-server/src/__tests__/auth.test.ts(154,49): error TS2307: Cannot find module '@workspace/db' or its corresponding type declarations.
artifacts/api-server/src/__tests__/case-files-listing.test.ts(4,89): error TS2307: Cannot find module '@workspace/db' or its corresponding type declarations.
artifacts/api-server/src/__tests__/cases-loan-stamping.test.ts(4,117): error TS2307: Cannot find module '@workspace/db' or its corresponding type declarations.
artifacts/api-server/src/__tests__/cases-workflow-documents.test.ts(5,117): error TS2307: Cannot find module '@workspace/db' or its corresponding type declarations.
artifacts/api-server/src/__tests__/clauses-api.test.ts(4,60): error TS2307: Cannot find module '@workspace/db' or its corresponding type declarations.
artifacts/api-server/src/__tests__/communication-hub.test.ts(5,34): error TS2307: Cannot find module '@workspace/db' or its corresponding type declarations.
artifacts/api-server/src/__tests__/communication-hub.test.ts(38,52): error TS2307: Cannot find module '@workspace/db' or its corresponding type declarations.
artifacts/api-server/src/__tests__/compliance.test.ts(21,154): error TS2307: Cannot find module '@workspace/db' or its corresponding type declarations.
artifacts/api-server/src/__tests__/conflict.test.ts(24,8): error TS2307: Cannot find module '@workspace/db' or its corresponding type declarations.
artifacts/api-server/src/__tests__/create-case.test.ts(4,89): error TS2307: Cannot find module '@workspace/db' or its corresponding type declarations.
artifacts/api-server/src/__tests__/documents-automation-regression.test.ts(219,43): error TS2307: Cannot find module '@workspace/db' or its corresponding type declarations.
artifacts/api-server/src/__tests__/documents-checklist-and-applicability.test.ts(4,188): error TS2307: Cannot find module '@workspace/db' or its corresponding type declarations.
artifacts/api-server/src/__tests__/documents-custom-variables.test.ts(4,135): error TS2307: Cannot find module '@workspace/db' or its corresponding type declarations.
artifacts/api-server/src/__tests__/email-inbox-simple.test.ts(6,34): error TS2307: Cannot find module '@workspace/db' or its corresponding type declarations.
artifacts/api-server/src/__tests__/email-inbox-simple.test.ts(40,52): error TS2307: Cannot find module '@workspace/db' or its corresponding type declarations.
artifacts/api-server/src/__tests__/founder-permissions-fallback.test.ts(4,43): error TS2307: Cannot find module '@workspace/db' or its corresponding type declarations.
artifacts/api-server/src/__tests__/healthz-founder-status.test.ts(6,43): error TS2307: Cannot find module '@workspace/db' or its corresponding type declarations.
artifacts/api-server/src/__tests__/milestone-printer-connector.test.ts(244,43): error TS2307: Cannot find module '@workspace/db' or its corresponding type declarations.
artifacts/api-server/src/__tests__/payment-voucher-accounting-workflow.test.ts(15,8): error TS2307: Cannot find module '@workspace/db' or its corresponding type declarations.
artifacts/api-server/src/__tests__/payment-voucher-case-attachment-isolation.test.ts(5,44): error TS2307: Cannot find module '@workspace/db' or its corresponding type declarations.
artifacts/api-server/src/__tests__/payment-voucher-routing.test.ts(23,43): error TS2307: Cannot find module '@workspace/db' or its corresponding type declarations.
artifacts/api-server/src/__tests__/reauth.test.ts(22,72): error TS2307: Cannot find module '@workspace/db' or its corresponding type declarations.
artifacts/api-server/src/__tests__/reference-suggestions.test.ts(12,8): error TS2307: Cannot find module '@workspace/db' or its corresponding type declarations.
artifacts/api-server/src/__tests__/rls-isolation.test.ts(18,22): error TS2307: Cannot find module '@workspace/db' or its corresponding type declarations.
artifacts/api-server/src/__tests__/statement-timeout.unit.test.ts(8,39): error TS2307: Cannot find module '@workspace/db' or its corresponding type declarations.
artifacts/api-server/src/__tests__/success-path.integration.test.ts(4,56): error TS2307: Cannot find module '@workspace/db' or its corresponding type declarations.
artifacts/api-server/src/__tests__/support-sessions.test.ts(4,58): error TS2307: Cannot find module '@workspace/db' or its corresponding type declarations.
artifacts/api-server/src/__tests__/tenant-isolation.test.ts(79,45): error TS2307: Cannot find module '@workspace/db' or its corresponding type declarations.
artifacts/api-server/src/__tests__/tenant-isolation.test.ts(91,47): error TS2307: Cannot find module '@workspace/db' or its corresponding type declarations.
artifacts/api-server/src/__tests__/users-hub-regression.test.ts(143,43): error TS2307: Cannot find module '@workspace/db' or its corresponding type declarations.
artifacts/api-server/src/__tests__/workflow-automation.test.ts(4,117): error TS2307: Cannot find module '@workspace/db' or its corresponding type declarations.
artifacts/api-server/src/jobs/case-bottleneck-monitor.ts(12,8): error TS2307: Cannot find module '@workspace/db' or its corresponding type declarations.
artifacts/api-server/src/jobs/completion-sla-monitor.ts(1,25): error TS2307: Cannot find module '@workspace/db' or its corresponding type declarations.
artifacts/api-server/src/jobs/hr-event-delivery-worker.ts(2,26): error TS2307: Cannot find module '@workspace/db' or its corresponding type declarations.
artifacts/api-server/src/jobs/payment-voucher-sla-monitor.ts(2,20): error TS2307: Cannot find module '@workspace/db' or its corresponding type declarations.
artifacts/api-server/src/jobs/snapshot-retention.ts(2,56): error TS2307: Cannot find module '@workspace/db' or its corresponding type declarations.
artifacts/api-server/src/jobs/snapshot-scheduler.ts(2,68): error TS2307: Cannot find module '@workspace/db' or its corresponding type declarations.
artifacts/api-server/src/lib/auth-admin-db.ts(1,85): error TS2307: Cannot find module '@workspace/db' or its corresponding type declarations.
artifacts/api-server/src/lib/auth-safe-db.ts(1,72): error TS2307: Cannot find module '@workspace/db' or its corresponding type declarations.
artifacts/api-server/src/lib/auth.ts(2,297): error TS2307: Cannot find module '@workspace/db' or its corresponding type declarations.
artifacts/api-server/src/lib/caseFinancialSync.ts(1,21): error TS2307: Cannot find module '@workspace/db' or its corresponding type declarations.
artifacts/api-server/src/lib/caseListLogic.ts(1,86): error TS2307: Cannot find module '@workspace/db' or its corresponding type declarations.
artifacts/api-server/src/lib/clauseLibrary.ts(1,21): error TS2307: Cannot find module '@workspace/db' or its corresponding type declarations.
artifacts/api-server/src/lib/customVariables.ts(1,21): error TS2307: Cannot find module '@workspace/db' or its corresponding type declarations.
artifacts/api-server/src/lib/dateSql.ts(1,31): error TS2307: Cannot find module '@workspace/db' or its corresponding type declarations.
artifacts/api-server/src/lib/documentApplicabilityRules.ts(1,21): error TS2307: Cannot find module '@workspace/db' or its corresponding type declarations.
artifacts/api-server/src/lib/documentBindings.ts(1,21): error TS2307: Cannot find module '@workspace/db' or its corresponding type declarations.
artifacts/api-server/src/lib/documentFileName.ts(1,21): error TS2307: Cannot find module '@workspace/db' or its corresponding type declarations.
artifacts/api-server/src/lib/documentPreview.ts(4,21): error TS2307: Cannot find module '@workspace/db' or its corresponding type declarations.
artifacts/api-server/src/lib/documentVariables.ts(1,21): error TS2307: Cannot find module '@workspace/db' or its corresponding type declarations.
artifacts/api-server/src/lib/extractionWriteback.ts(1,21): error TS2307: Cannot find module '@workspace/db' or its corresponding type declarations.
artifacts/api-server/src/lib/fileReferenceGenerator.ts(1,21): error TS2307: Cannot find module '@workspace/db' or its corresponding type declarations.
artifacts/api-server/src/lib/quota.ts(2,113): error TS2307: Cannot find module '@workspace/db' or its corresponding type declarations.
artifacts/api-server/src/lib/seed.ts(3,80): error TS2307: Cannot find module '@workspace/db' or its corresponding type declarations.
artifacts/api-server/src/lib/workflowAutomationService.ts(2,132): error TS2307: Cannot find module '@workspace/db' or its corresponding type declarations.
artifacts/api-server/src/modules/accounting/firm-sequence-numbers.ts(6,8): error TS2307: Cannot find module '@workspace/db' or its corresponding type declarations.
artifacts/api-server/src/modules/communication/communication.repository.ts(26,8): error TS2307: Cannot find module '@workspace/db' or its corresponding type declarations.
artifacts/api-server/src/modules/communication/communication.repository.ts(28,36): error TS2307: Cannot find module '@workspace/db' or its corresponding type declarations.
artifacts/api-server/src/modules/communication/communication.repository.ts(1148,27): error TS2339: Property 'voucherNo' does not exist on type 'unknown'.
artifacts/api-server/src/modules/communication/communication.repository.ts(1151,32): error TS2339: Property 'approvalStatus' does not exist on type 'unknown'.
artifacts/api-server/src/modules/communication/communication.repository.ts(1152,27): error TS2339: Property 'payeeName' does not exist on type 'unknown'.
artifacts/api-server/src/modules/communication/communication.repository.ts(1164,29): error TS2339: Property 'voucherNo' does not exist on type 'unknown'.
artifacts/api-server/src/modules/communication/communication.repository.ts(1167,34): error TS2339: Property 'approvalStatus' does not exist on type 'unknown'.
artifacts/api-server/src/modules/communication/communication.repository.ts(1168,29): error TS2339: Property 'payeeName' does not exist on type 'unknown'.
artifacts/api-server/src/modules/communication/communication.repository.ts(1181,29): error TS2339: Property 'voucherNo' does not exist on type 'unknown'.
artifacts/api-server/src/modules/communication/communication.repository.ts(1184,34): error TS2339: Property 'approvalStatus' does not exist on type 'unknown'.
artifacts/api-server/src/modules/communication/communication.repository.ts(1185,29): error TS2339: Property 'payeeName' does not exist on type 'unknown'.
artifacts/api-server/src/modules/communication/communication.service.ts(1,21): error TS2307: Cannot find module '@workspace/db' or its corresponding type declarations.
artifacts/api-server/src/modules/communication/communication.service.ts(657,54): error TS2345: Argument of type 'unknown[]' is not assignable to parameter of type 'number[]'.
Type 'unknown' is not assignable to type 'number'.
artifacts/api-server/src/modules/communication/communication.service.ts(751,54): error TS2345: Argument of type 'unknown[]' is not assignable to parameter of type 'number[]'.
Type 'unknown' is not assignable to type 'number'.
artifacts/api-server/src/modules/communication/communication.service.ts(1027,29): error TS2339: Property 'syncEnabled' does not exist on type 'unknown'.
artifacts/api-server/src/modules/db/statement-timeout.ts(28,39): error TS2307: Cannot find module '@workspace/db' or its corresponding type declarations.
artifacts/api-server/src/modules/db/statement-timeout.ts(29,39): error TS2307: Cannot find module '@workspace/db' or its corresponding type declarations.
artifacts/api-server/src/modules/hr/approvals/approval-guards.ts(1,72): error TS2307: Cannot find module '@workspace/db' or its corresponding type declarations.
artifacts/api-server/src/modules/hr/events/business-event-writer.ts(1,43): error TS2307: Cannot find module '@workspace/db' or its corresponding type declarations.
artifacts/api-server/src/modules/hr/leave/leave-balance-lock.ts(1,55): error TS2307: Cannot find module '@workspace/db' or its corresponding type declarations.
artifacts/api-server/src/modules/hr/permissions/hr-domain-db.ts(1,28): error TS2307: Cannot find module '@workspace/db' or its corresponding type declarations.
artifacts/api-server/src/modules/hr/permissions/hr-feature-gate.ts(2,45): error TS2307: Cannot find module '@workspace/db' or its corresponding type declarations.
artifacts/api-server/src/modules/hr/services/hr-document-signed-url.ts(1,38): error TS2307: Cannot find module '@workspace/db' or its corresponding type declarations.
artifacts/api-server/src/modules/hr/services/hr-employee-status-transition-service.ts(3,34): error TS2307: Cannot find module '@workspace/db' or its corresponding type declarations.
artifacts/api-server/src/modules/hr/services/organisation-crud.ts(1,75): error TS2307: Cannot find module '@workspace/db' or its corresponding type declarations.
artifacts/api-server/src/modules/hr/settings/firm-operating-settings-service.ts(1,73): error TS2307: Cannot find module '@workspace/db' or its corresponding type declarations.
artifacts/api-server/src/routes/accounting-settings.ts(3,75): error TS2307: Cannot find module '@workspace/db' or its corresponding type declarations.
artifacts/api-server/src/routes/accounting.ts(3,202): error TS2307: Cannot find module '@workspace/db' or its corresponding type declarations.
artifacts/api-server/src/routes/audit.ts(2,25): error TS2307: Cannot find module '@workspace/db' or its corresponding type declarations.
artifacts/api-server/src/routes/auth.ts(5,172): error TS2307: Cannot find module '@workspace/db' or its corresponding type declarations.
artifacts/api-server/src/routes/case-files.ts(20,8): error TS2307: Cannot find module '@workspace/db' or its corresponding type declarations.
artifacts/api-server/src/routes/case-monitor.ts(14,8): error TS2307: Cannot find module '@workspace/db' or its corresponding type declarations.
artifacts/api-server/src/routes/case-notifications.ts(4,49): error TS2307: Cannot find module '@workspace/db' or its corresponding type declarations.
artifacts/api-server/src/routes/case-tasks.ts(3,53): error TS2307: Cannot find module '@workspace/db' or its corresponding type declarations.
artifacts/api-server/src/routes/cases.ts(23,8): error TS2307: Cannot find module '@workspace/db' or its corresponding type declarations.
artifacts/api-server/src/routes/cases.ts(2197,49): error TS2345: Argument of type 'unknown' is not assignable to parameter of type 'number'.
artifacts/api-server/src/routes/cases.ts(2205,25): error TS2322: Type 'unknown' is not assignable to type 'number'.
artifacts/api-server/src/routes/clients.ts(4,55): error TS2307: Cannot find module '@workspace/db' or its corresponding type declarations.
artifacts/api-server/src/routes/communications.ts(2,25): error TS2307: Cannot find module '@workspace/db' or its corresponding type declarations.
artifacts/api-server/src/routes/compliance-reports.ts(18,8): error TS2307: Cannot find module '@workspace/db' or its corresponding type declarations.
artifacts/api-server/src/routes/compliance-reports.ts(960,45): error TS2307: Cannot find module '@workspace/db' or its corresponding type declarations.
artifacts/api-server/src/routes/compliance.ts(11,8): error TS2307: Cannot find module '@workspace/db' or its corresponding type declarations.
artifacts/api-server/src/routes/conflict.ts(7,8): error TS2307: Cannot find module '@workspace/db' or its corresponding type declarations.
artifacts/api-server/src/routes/cron-jobs.ts(2,20): error TS2307: Cannot find module '@workspace/db' or its corresponding type declarations.
artifacts/api-server/src/routes/cron-jobs.ts(3,179): error TS2307: Cannot find module '@workspace/db' or its corresponding type declarations.
artifacts/api-server/src/routes/dashboard.ts(2,25): error TS2307: Cannot find module '@workspace/db' or its corresponding type declarations.
artifacts/api-server/src/routes/developer.ts(17,8): error TS2307: Cannot find module '@workspace/db' or its corresponding type declarations.
artifacts/api-server/src/routes/developers.ts(7,82): error TS2307: Cannot find module '@workspace/db' or its corresponding type declarations.
artifacts/api-server/src/routes/documents.ts(12,8): error TS2307: Cannot find module '@workspace/db' or its corresponding type declarations.
artifacts/api-server/src/routes/documents.ts(17,8): error TS2307: Cannot find module '@workspace/documents-registry' or its corresponding type declarations.
artifacts/api-server/src/routes/einvoices.ts(7,8): error TS2307: Cannot find module '@workspace/db' or its corresponding type declarations.
artifacts/api-server/src/routes/file-custody.ts(4,148): error TS2307: Cannot find module '@workspace/db' or its corresponding type declarations.
artifacts/api-server/src/routes/firm-file-ref-settings.ts(3,58): error TS2307: Cannot find module '@workspace/db' or its corresponding type declarations.
artifacts/api-server/src/routes/firm-settings.ts(4,60): error TS2307: Cannot find module '@workspace/db' or its corresponding type declarations.
artifacts/api-server/src/routes/founder/billing.ts(3,75): error TS2307: Cannot find module '@workspace/db' or its corresponding type declarations.
artifacts/api-server/src/routes/health.ts(2,22): error TS2307: Cannot find module '@workspace/db' or its corresponding type declarations.
artifacts/api-server/src/routes/health.ts(4,37): error TS2307: Cannot find module '@workspace/db' or its corresponding type declarations.
artifacts/api-server/src/routes/hub.ts(12,8): error TS2307: Cannot find module '@workspace/db' or its corresponding type declarations.
artifacts/api-server/src/routes/invoices.ts(7,8): error TS2307: Cannot find module '@workspace/db' or its corresponding type declarations.
artifacts/api-server/src/routes/parties.ts(7,8): error TS2307: Cannot find module '@workspace/db' or its corresponding type declarations.
artifacts/api-server/src/routes/payment-voucher-actions.ts(3,179): error TS2307: Cannot find module '@workspace/db' or its corresponding type declarations.
artifacts/api-server/src/routes/payment-vouchers.ts(27,8): error TS2307: Cannot find module '@workspace/db' or its corresponding type declarations.
artifacts/api-server/src/routes/platform-ops-center.ts(3,219): error TS2307: Cannot find module '@workspace/db' or its corresponding type declarations.
artifacts/api-server/src/routes/platform-ops.ts(3,236): error TS2307: Cannot find module '@workspace/db' or its corresponding type declarations.
artifacts/api-server/src/routes/platform.ts(20,8): error TS2307: Cannot find module '@workspace/db' or its corresponding type declarations.
artifacts/api-server/src/routes/project-status-report.ts(14,8): error TS2307: Cannot find module '@workspace/db' or its corresponding type declarations.
artifacts/api-server/src/routes/projects.ts(7,92): error TS2307: Cannot find module '@workspace/db' or its corresponding type declarations.
artifacts/api-server/src/routes/public.ts(15,8): error TS2307: Cannot find module '@workspace/db' or its corresponding type declarations.
artifacts/api-server/src/routes/public.ts(162,27): error TS2339: Property 'status' does not exist on type 'unknown'.
artifacts/api-server/src/routes/public.ts(162,47): error TS2339: Property 'status' does not exist on type 'unknown'.
artifacts/api-server/src/routes/public.ts(163,32): error TS2339: Property 'completedAt' does not exist on type 'unknown'.
artifacts/api-server/src/routes/public.ts(163,66): error TS2339: Property 'completedAt' does not exist on type 'unknown'.
artifacts/api-server/src/routes/quotations.ts(3,117): error TS2307: Cannot find module '@workspace/db' or its corresponding type declarations.
artifacts/api-server/src/routes/receipts.ts(3,205): error TS2307: Cannot find module '@workspace/db' or its corresponding type declarations.
artifacts/api-server/src/routes/regulatory.ts(3,74): error TS2307: Cannot find module '@workspace/db' or its corresponding type declarations.
artifacts/api-server/src/routes/reports.ts(14,8): error TS2307: Cannot find module '@workspace/db' or its corresponding type declarations.
artifacts/api-server/src/routes/roles.ts(3,67): error TS2307: Cannot find module '@workspace/db' or its corresponding type declarations.
artifacts/api-server/src/routes/subscription-plans.ts(3,56): error TS2307: Cannot find module '@workspace/db' or its corresponding type declarations.
artifacts/api-server/src/routes/support-sessions.ts(2,66): error TS2307: Cannot find module '@workspace/db' or its corresponding type declarations.
artifacts/api-server/src/routes/templates.ts(2,25): error TS2307: Cannot find module '@workspace/db' or its corresponding type declarations.
artifacts/api-server/src/routes/time-entries.ts(3,55): error TS2307: Cannot find module '@workspace/db' or its corresponding type declarations.
artifacts/api-server/src/routes/user-notifications.ts(4,108): error TS2307: Cannot find module '@workspace/db' or its corresponding type declarations.
artifacts/api-server/src/routes/users.ts(5,49): error TS2307: Cannot find module '@workspace/db' or its corresponding type declarations.
artifacts/api-server/src/services/dashboard-stats.ts(1,37): error TS2307: Cannot find module '@workspace/db' or its corresponding type declarations.
artifacts/api-server/src/services/document-engine.service.ts(5,60): error TS2307: Cannot find module '@workspace/db' or its corresponding type declarations.
artifacts/api-server/src/services/document-engine.service.ts(337,11): error TS2488: Type 'unknown' must have a '[Symbol.iterator]()' method that returns an iterator.
artifacts/api-server/src/services/document-engine.service.ts(360,11): error TS2488: Type 'unknown' must have a '[Symbol.iterator]()' method that returns an iterator.
artifacts/api-server/src/services/document-engine.service.ts(381,11): error TS2488: Type 'unknown' must have a '[Symbol.iterator]()' method that returns an iterator.
artifacts/api-server/src/services/einvoice/einvoice-service.ts(7,8): error TS2307: Cannot find module '@workspace/db' or its corresponding type declarations.
artifacts/api-server/src/services/einvoice/overcollect.ts(2,93): error TS2307: Cannot find module '@workspace/db' or its corresponding type declarations.
artifacts/api-server/src/services/founder-governance/index.ts(12,8): error TS2307: Cannot find module '@workspace/db' or its corresponding type declarations.
artifacts/api-server/src/services/founder-governance/index.ts(96,5): error TS2322: Type 'Set<unknown>' is not assignable to type 'Set<string>'.
Type 'unknown' is not assignable to type 'string'.
artifacts/api-server/src/services/invoice-metrics.ts(1,37): error TS2307: Cannot find module '@workspace/db' or its corresponding type declarations.
artifacts/api-server/src/services/milestones-summary.ts(2,90): error TS2307: Cannot find module '@workspace/db' or its corresponding type declarations.
artifacts/api-server/src/services/ops-center.ts(16,8): error TS2307: Cannot find module '@workspace/db' or its corresponding type declarations.
artifacts/api-server/src/services/platform-ops.ts(34,8): error TS2307: Cannot find module '@workspace/db' or its corresponding type declarations.
api/_lib.ts(3,28): error TS2307: Cannot find module '@workspace/db' or its corresponding type declarations.
api/_lib.ts(4,20): error TS2307: Cannot find module '@workspace/db' or its corresponding type declarations.
api/_lib.ts(5,32): error TS2307: Cannot find module '@workspace/db/schema' or its corresponding type declarations.
ELIFECYCLEΓÇë Command failed with exit code 2.
ELIFECYCLEΓÇë Command failed with exit code 2.
ELIFECYCLEΓÇë Command failed with exit code 2.
Error: Command "pnpm run build" exited with 2
Error: Command "pnpm run build" exited with 2
Error: An unexpected error occurred!
Error: EPERM: operation not permitted, open 'C:\Users\User\AppData\Local\com.vercel.cli\Cache\package-updates\vercel-latest.json'
    at Object.writeFileSync (node:fs:2403:20)
    at outputFileSync (file:///C:/Users/User/Documents/GitHub/Lawcaspro-v5/node_modules/.pnpm/vercel@58.7.1_rollup@4.60.2/node_modules/vercel/dist/chunks/chunk-NZ6GDMPB.js:8111:20)
    at outputJsonSync (file:///C:/Users/User/Documents/GitHub/Lawcaspro-v5/node_modules/.pnpm/vercel@58.7.1_rollup@4.60.2/node_modules/vercel/dist/chunks/chunk-NZ6GDMPB.js:8145:7)
    at updateLatestVersionCache (file:///C:/Users/User/Documents/GitHub/Lawcaspro-v5/node_modules/.pnpm/vercel@58.7.1_rollup@4.60.2/node_modules/vercel/dist/index.js:587:38)
    at file:///C:/Users/User/Documents/GitHub/Lawcaspro-v5/node_modules/.pnpm/vercel@58.7.1_rollup@4.60.2/node_modules/vercel/dist/index.js:2426:7
    at process.processTicksAndRejections (node:internal/process/task_queues:103:5)
https://lawcaspro-v5-j65sebrnk-limkahluns-projects.vercel.app
