Vercel CLI 58.7.1 (Node.js 25.3.0) | curl is in beta ΓÇö https://vercel.com/feedback
  % Total    % Received % Xferd  Average Speed  Time    Time    Time   Current
                                 Dload  Upload  Total   Spent   Left   Speed

<!DOCTYPE html>
<html lang="en">
  <head>
    <meta charset="UTF-8" />
    <meta name="viewport" content="width=device-width, initial-scale=1.0, maximum-scale=1" />
    <title>Lawcaspro</title>
    <link rel="icon" type="image/svg+xml" href="/favicon.svg" />
    <link rel="preconnect" href="https://fonts.googleapis.com">
    <link rel="preconnect" href="https://fonts.gstatic.com" crossorigin>
    <link href="https://fonts.googleapis.com/css2?family=Inter:wght@400;500;600;700&display=swap" rel="stylesheet">
    <script type="module" crossorigin src="/assets/index-BI52hsab.js"></script>
    <link rel="modulepreload" crossorigin href="/assets/react-BErswcVu.js">
    <link rel="modulepreload" crossorigin href="/assets/scheduler-7OC5HNn7.js">
    <link rel="modulepreload" crossorigin href="/assets/react-dom-Dq21XUiZ.js">
    <link rel="modulepreload" crossorigin href="/assets/use-sync-external-store-Cz9KQWYU.js">
    <link rel="modulepreload" crossorigin href="/assets/regexparam-CPXopyEH.js">
    <link rel="modulepreload" crossorigin href="/assets/wouter-HCVwazCM.js">
    <link rel="modulepreload" crossorigin href="/assets/@tanstack-DA5E2f1a.js">
    <link rel="modulepreload" crossorigin href="/assets/react-hook-form-B-0QGNE5.js">
    <link rel="modulepreload" crossorigin href="/assets/@hookform-LW_K1k4n.js">
    <link rel="modulepreload" crossorigin href="/assets/tslib-De9GV7Vy.js">
    <link rel="modulepreload" crossorigin href="/assets/get-nonce-C-Z93AgS.js">
    <link rel="modulepreload" crossorigin href="/assets/react-style-singleton-s0saUXDf.js">
    <link rel="modulepreload" crossorigin href="/assets/react-remove-scroll-bar-CoBpyeta.js">
    <link rel="modulepreload" crossorigin href="/assets/use-sidecar-CJL0Ysi0.js">
    <link rel="modulepreload" crossorigin href="/assets/use-callback-ref-HHmRdc_1.js">
    <link rel="modulepreload" crossorigin href="/assets/react-remove-scroll-lDlrkx3X.js">
    <link rel="modulepreload" crossorigin href="/assets/aria-hidden-DvXkyWUv.js">
    <link rel="modulepreload" crossorigin href="/assets/@floating-ui-DP_exYNk.js">
    <link rel="modulepreload" crossorigin href="/assets/@radix-ui-DRnFzVBl.js">
    <link rel="modulepreload" crossorigin href="/assets/clsx-B-dksMZM.js">
    <link rel="modulepreload" crossorigin href="/assets/class-variance-authority-B8k91cqS.js">
    <link rel="modulepreload" crossorigin href="/assets/lucide-react-BdQr0q3H.js">
    <link rel="modulepreload" crossorigin href="/assets/cmdk-BX-vtz46.js">
    <link rel="modulepreload" crossorigin href="/assets/@date-fns-BQcZugzN.js">
    <link rel="modulepreload" crossorigin href="/assets/date-fns-g7n6adF4.js">
    <link rel="modulepreload" crossorigin href="/assets/react-day-picker-Bsh23Kbv.js">
    <link rel="modulepreload" crossorigin href="/assets/react-resizable-panels-CQ6NoZaT.js">
    <link rel="modulepreload" crossorigin href="/assets/tailwind-merge-CPcsbTWB.js">
    <link rel="modulepreload" crossorigin href="/assets/ui-components-CyLPTiYk.js">
    <link rel="modulepreload" crossorigin href="/assets/zod-BLgt3nwV.js">
    <link rel="modulepreload" crossorigin href="/assets/dequal-tFQomdd2.js">
    <link rel="modulepreload" crossorigin href="/assets/make-cancellable-promise-CC0pwun-.js">
    <link rel="modulepreload" crossorigin href="/assets/make-event-props-CrcdgBE7.js">
    <link rel="modulepreload" crossorigin href="/assets/pdfjs-dist-5wEdOWwS.js">
    <link rel="modulepreload" crossorigin href="/assets/tiny-invariant-CopsF_GD.js">
    <link rel="modulepreload" crossorigin href="/assets/warning-aAfNi_e2.js">
    <link rel="modulepreload" crossorigin href="/assets/merge-refs-BsPylwb4.js">
    <link rel="modulepreload" crossorigin href="/assets/react-pdf-D7OmZJpH.js">
    <link rel="modulepreload" crossorigin href="/assets/lodash-CqMPokv4.js">
    <link rel="modulepreload" crossorigin href="/assets/prop-types-BzfldnrH.js">
    <link rel="modulepreload" crossorigin href="/assets/fast-equals-C7yKKq-w.js">
    <link rel="modulepreload" crossorigin href="/assets/react-smooth-icQGoNYl.js">
    <link rel="modulepreload" crossorigin href="/assets/react-is-FIeMBKkH.js">
    <link rel="modulepreload" crossorigin href="/assets/d3-path-CimkQT29.js">
    <link rel="modulepreload" crossorigin href="/assets/d3-shape-nwul2LtV.js">
    <link rel="modulepreload" crossorigin href="/assets/internmap-BkD7Hj8s.js">
    <link rel="modulepreload" crossorigin href="/assets/d3-array-g_qRI3rN.js">
    <link rel="modulepreload" crossorigin href="/assets/d3-time-QpEiTrED.js">
    <link rel="modulepreload" crossorigin href="/assets/d3-time-format-BKO53YJi.js">
    <link rel="modulepreload" crossorigin href="/assets/d3-color-9lF95FHy.js">
    <link rel="modulepreload" crossorigin href="/assets/d3-interpolate-CCf1iqz-.js">
    <link rel="modulepreload" crossorigin href="/assets/d3-format-BvjxjtCR.js">
    <link rel="modulepreload" crossorigin href="/assets/d3-scale-Cuh9z0Hm.js">
    <link rel="modulepreload" crossorigin href="/assets/victory-vendor-BGgyBZSV.js">
    <link rel="modulepreload" crossorigin href="/assets/decimal.js-light-DQE-3iDJ.js">
    <link rel="modulepreload" crossorigin href="/assets/recharts-scale-C1tgrEou.js">
    <link rel="modulepreload" crossorigin href="/assets/eventemitter3-COICzmRf.js">
    <link rel="modulepreload" crossorigin href="/assets/recharts-BdBaeWOq.js">
    <link rel="modulepreload" crossorigin href="/assets/page_accounting-COUfDw8w.js">
    <link rel="modulepreload" crossorigin href="/assets/orderedmap-C4TimWWB.js">
    <link rel="modulepreload" crossorigin href="/assets/prosemirror-model-DPEaNGuv.js">
    <link rel="modulepreload" crossorigin href="/assets/prosemirror-transform-Cdrs-iaV.js">
    <link rel="modulepreload" crossorigin href="/assets/prosemirror-state-2PinWEqM.js">
    <link rel="modulepreload" crossorigin href="/assets/linkifyjs-C_cYPD2B.js">
    <link rel="modulepreload" crossorigin href="/assets/prosemirror-view-C7FRWDNb.js">
    <link rel="modulepreload" crossorigin href="/assets/w3c-keyname-DEtA-KhA.js">
    <link rel="modulepreload" crossorigin href="/assets/prosemirror-keymap-BoZ_Bdjd.js">
    <link rel="modulepreload" crossorigin href="/assets/prosemirror-tables-C5xAs1Nm.js">
  0      0   0      0   0      0      0      0                              0
    <link rel="modulepreload" crossorigin href="/assets/prosemirror-dropcursor-Bjv_Roaw.js">
    <link rel="modulepreload" crossorigin href="/assets/prosemirror-gapcursor-CgB75j5F.js">
    <link rel="modulepreload" crossorigin href="/assets/rope-sequence-nfUW61tr.js">
    <link rel="modulepreload" crossorigin href="/assets/prosemirror-history-6sPN46iL.js">
    <link rel="modulepreload" crossorigin href="/assets/prosemirror-commands-U2WKdB04.js">
    <link rel="modulepreload" crossorigin href="/assets/prosemirror-schema-list-BQd42URf.js">
    <link rel="modulepreload" crossorigin href="/assets/@tiptap-BlGDVpCB.js">
    <link rel="modulepreload" crossorigin href="/assets/dompurify-Bp9_lNcF.js">
    <link rel="modulepreload" crossorigin href="/assets/page_app-cR-WrPbx.js">
    <link rel="modulepreload" crossorigin href="/assets/jszip-Du9Z-VnU.js">
    <link rel="modulepreload" crossorigin href="/assets/docx-preview-DQ6FzEVv.js">
    <link rel="modulepreload" crossorigin href="/assets/postgres-array-XifAK_vS.js">
    <link rel="modulepreload" crossorigin href="/assets/postgres-date-CNSly6PT.js">
    <link rel="modulepreload" crossorigin href="/assets/xtend-Biw02QQ9.js">
    <link rel="modulepreload" crossorigin href="/assets/postgres-interval-BRRsCb3A.js">
    <link rel="modulepreload" crossorigin href="/assets/postgres-bytea-CTckVQQi.js">
    <link rel="modulepreload" crossorigin href="/assets/pg-int8-CLqzASge.js">
    <link rel="modulepreload" crossorigin href="/assets/pg-types-eT8hgTnb.js">
    <link rel="modulepreload" crossorigin href="/assets/pg-connection-string-CUtN7DgO.js">
    <link rel="modulepreload" crossorigin href="/assets/pg-protocol-UAxsBEgc.js">
    <link rel="modulepreload" crossorigin href="/assets/pg-cloudflare-KO6kLN72.js">
    <link rel="modulepreload" crossorigin href="/assets/base64-js-DRz5BQNA.js">
    <link rel="modulepreload" crossorigin href="/assets/ieee754-DqQQEDOD.js">
100   9515   0   9515   0      0  24625      0                              0
100   9515   0   9515   0      0  24609      0                              0
100   9515   0   9515   0      0  24595      0                              0
    <link rel="modulepreload" crossorigin href="/assets/buffer-BSX9Qb2Y.js">
    <link rel="modulepreload" crossorigin href="/assets/safe-buffer-DX4-VfzN.js">
    <link rel="modulepreload" crossorigin href="/assets/string_decoder-fPZxdyoa.js">
    <link rel="modulepreload" crossorigin href="/assets/split2-BNo_QFWe.js">
    <link rel="modulepreload" crossorigin href="/assets/pgpass-CzWl4ybf.js">
    <link rel="modulepreload" crossorigin href="/assets/pg-pool-Bo-szS-0.js">
    <link rel="modulepreload" crossorigin href="/assets/pg-DdtEyUHM.js">
    <link rel="modulepreload" crossorigin href="/assets/drizzle-orm-Bvdh0IbO.js">
    <link rel="modulepreload" crossorigin href="/assets/drizzle-zod-MIaNeMQF.js">
    <link rel="modulepreload" crossorigin href="/assets/page_cases-BBNeCjG1.js">
    <link rel="modulepreload" crossorigin href="/assets/page_misc-XDJHoVeL.js">
    <link rel="modulepreload" crossorigin href="/assets/page_documents-raAVU71w.js">
    <link rel="stylesheet" crossorigin href="/assets/react-pdf-CBXYWCWZ.css">
    <link rel="stylesheet" crossorigin href="/assets/index-DnUOEKDM.css">
  </head>
  <body>
    <div id="root"></div>

  </body>
</html>
<script async data-explicit-opt-in="true" data-deployment-id="dpl_BBjswZ3t3pLrUcXKuSHjsXVA41qS" src="https://vercel.live/_next-live/feedback/feedback.js"></script>
