Vercel CLI 58.7.1 (Node.js 25.3.0)
Retrieving projectΓÇª
> Downloading `preview` environment variables for limkahluns-projects/lawcaspro-v5
Downloading

Γ£ô Created         .vercel\.env.preview.local file

> Downloading project settings
Downloaded project settings to ~\Documents\GitHub\Lawcaspro-v5\.vercel\project.json [0ms]
WARNING! Build not running on Vercel. System environment variables will not be available.
Detected `pnpm-lock.yaml` version 9 generated by pnpm@10.x with package.json#packageManager pnpm@9.15.5
Running "install" command: `pnpm install`...
Scope: all 13 workspace projects
Lockfile is up to date, resolution step is skipped
Already up to date

dependencies:
+ @workspace/api-server 0.0.0 <- artifacts\api-server
+ @workspace/api-zod 0.0.0 <- lib\api-zod
+ @workspace/db 0.0.0 <- lib\db
+ bcryptjs 3.0.3
+ cookie-parser 1.4.7
+ cors 2.8.6
+ decimal.js 10.6.0
+ drizzle-orm 0.45.1
+ express 4.22.1
+ helmet 8.1.0
+ otpauth 9.5.0
+ pino 9.14.0
+ pino-http 10.5.0

optionalDependencies:
+ @rollup/rollup-win32-x64-msvc 4.59.0
+ @tailwindcss/oxide-win32-x64-msvc 4.2.1
+ lightningcss-win32-x64-msvc 1.31.1

devDependencies:
+ @types/express 4.17.25
+ @types/node 25.6.0
+ prettier 3.8.3
+ typescript 5.9.3

. preinstall$ node preinstall.mjs
. preinstall: Done
Done in 14.4s

> workspace@0.0.0 build C:\Users\User\Documents\GitHub\Lawcaspro-v5
> pnpm run typecheck && pnpm -C artifacts/api-server run build && pnpm -C artifacts/lawcaspro run build


> workspace@0.0.0 typecheck C:\Users\User\Documents\GitHub\Lawcaspro-v5
> pnpm run typecheck:libs && pnpm -r --filter "./artifacts/**" --filter "./scripts" --filter "!@workspace/lawcaspro" --filter "!@workspace/lawcaspro-mobile" --if-present run typecheck


> workspace@0.0.0 typecheck:libs C:\Users\User\Documents\GitHub\Lawcaspro-v5
> echo '[DIAG] typecheck:libs START' && node scripts/build-cleanup.mjs rm lib/db/dist lib/db/tsconfig.tsbuildinfo && echo '[DIAG] BUILD lib/db clean' && pnpm -C lib/db run build && echo '[DIAG] lib/db dist:' && (node scripts/build-cleanup.mjs ls-head lib/db/dist 5 || echo '  FAIL') && node scripts/build-cleanup.mjs rm lib/documents-registry/dist lib/documents-registry/tsconfig.tsbuildinfo && echo '[DIAG] BUILD lib/documents-registry clean' && pnpm -C lib/documents-registry run build && echo '[DIAG] lib/doc-registry dist:' && (node scripts/build-cleanup.mjs ls-head lib/documents-registry/dist 3 || echo '  FAIL') && node scripts/build-cleanup.mjs rm lib/api-client-react/dist lib/api-client-react/tsconfig.tsbuildinfo && echo '[DIAG] BUILD lib/api-client-react clean' && pnpm -C lib/api-client-react run build && node scripts/build-cleanup.mjs rm lib/api-zod/dist lib/api-zod/tsconfig.tsbuildinfo && echo '[DIAG] BUILD lib/api-zod clean' && pnpm -C lib/api-zod run build && echo '[DIAG] FINAL VERIFY via workspace link:' && (node scripts/build-cleanup.mjs ls-head artifacts/api-server/node_modules/@workspace/db/dist 6 || echo '  MISSING') && echo '[DIAG] typecheck:libs DONE'

'[DIAG] typecheck:libs START' 
'[DIAG] BUILD lib/db clean' 

> @workspace/db@0.0.0 build C:\Users\User\Documents\GitHub\Lawcaspro-v5\lib\db
> tsc -p tsconfig.json

'[DIAG] lib/db dist:' 
feature-registry.d.ts
feature-registry.d.ts.map
feature-registry.js
index.d.ts
index.d.ts.map
'[DIAG] BUILD lib/documents-registry clean' 

> @workspace/documents-registry@0.0.0 build C:\Users\User\Documents\GitHub\Lawcaspro-v5\lib\documents-registry
> tsc -p tsconfig.json

'[DIAG] lib/doc-registry dist:' 
index.d.ts
index.d.ts.map
index.js
'[DIAG] BUILD lib/api-client-react clean' 

> @workspace/api-client-react@0.0.0 build C:\Users\User\Documents\GitHub\Lawcaspro-v5\lib\api-client-react
> tsc -p tsconfig.json

'[DIAG] BUILD lib/api-zod clean' 

> @workspace/api-zod@0.0.0 build C:\Users\User\Documents\GitHub\Lawcaspro-v5\lib\api-zod
> tsc -p tsconfig.json

'[DIAG] FINAL VERIFY via workspace link:' 
feature-registry.d.ts
feature-registry.d.ts.map
feature-registry.js
index.d.ts
index.d.ts.map
index.js
'[DIAG] typecheck:libs DONE'
Scope: 4 of 13 workspace projects
artifacts/api-server typecheck$ tsc -p tsconfig.json --noEmit
artifacts/docx-pdf-worker typecheck$ tsc -p tsconfig.json --noEmit
artifacts/mockup-sandbox typecheck$ tsc -p tsconfig.json --noEmit
scripts typecheck$ tsc -p tsconfig.json --noEmit
artifacts/docx-pdf-worker typecheck: Done
scripts typecheck: Done
artifacts/mockup-sandbox typecheck: Done
artifacts/api-server typecheck: Done

> @workspace/api-server@0.0.0 build C:\Users\User\Documents\GitHub\Lawcaspro-v5\artifacts\api-server
> node ./build.mjs


  dist\app.js                    16.5mb
  dist\pino-worker.js           153.4kb
  dist\pino-file.js             142.1kb
  dist\pino-pretty.js           114.6kb
  dist\thread-stream-worker.js    7.3kb
  ...and 5 more output files...

Done in 25375ms

  dist\index.mjs                  16.5mb
  dist\pino-worker.mjs           153.4kb
  dist\pino-file.mjs             142.1kb
  dist\pino-pretty.mjs           114.6kb
  dist\thread-stream-worker.mjs    7.3kb
  ...and 5 more output files...

Done in 3358ms

> @workspace/lawcaspro@0.0.0 build C:\Users\User\Documents\GitHub\Lawcaspro-v5\artifacts\lawcaspro
> vite build --config vite.config.ts

[36mvite v7.3.2 [32mbuilding client environment for production...[36m[39m
transforming...
src/components/ui/tooltip.tsx (2:0): Error when using sourcemap for reporting an error: Can't resolve original location of error.
src/components/ui/command.tsx (2:0): Error when using sourcemap for reporting an error: Can't resolve original location of error.
src/components/ui/select.tsx (2:0): Error when using sourcemap for reporting an error: Can't resolve original location of error.
src/components/ui/sheet.tsx (2:0): Error when using sourcemap for reporting an error: Can't resolve original location of error.
src/components/ui/label.tsx (2:0): Error when using sourcemap for reporting an error: Can't resolve original location of error.
src/components/ui/resizable.tsx (2:0): Error when using sourcemap for reporting an error: Can't resolve original location of error.
src/components/ui/progress.tsx (2:0): Error when using sourcemap for reporting an error: Can't resolve original location of error.
src/components/communication/email-compose-dialog.tsx (2:0): Error when using sourcemap for reporting an error: Can't resolve original location of error.
src/components/ui/collapsible.tsx (2:0): Error when using sourcemap for reporting an error: Can't resolve original location of error.
src/components/ui/dropdown-menu.tsx (2:0): Error when using sourcemap for reporting an error: Can't resolve original location of error.
src/components/ui/calendar.tsx (2:0): Error when using sourcemap for reporting an error: Can't resolve original location of error.
[plugin vite:resolve] Module "events" has been externalized for browser compatibility, imported by "C:/Users/User/Documents/GitHub/Lawcaspro-v5/node_modules/.pnpm/pg@8.20.0/node_modules/pg/lib/client.js". See https://vite.dev/guide/troubleshooting.html#module-externalized-for-browser-compatibility for more details.
[plugin vite:resolve] Module "util" has been externalized for browser compatibility, imported by "C:/Users/User/Documents/GitHub/Lawcaspro-v5/node_modules/.pnpm/pg@8.20.0/node_modules/pg/lib/client.js". See https://vite.dev/guide/troubleshooting.html#module-externalized-for-browser-compatibility for more details.
[plugin vite:resolve] Module "events" has been externalized for browser compatibility, imported by "C:/Users/User/Documents/GitHub/Lawcaspro-v5/node_modules/.pnpm/pg@8.20.0/node_modules/pg/lib/connection.js". See https://vite.dev/guide/troubleshooting.html#module-externalized-for-browser-compatibility for more details.
[plugin vite:resolve] Module "net" has been externalized for browser compatibility, imported by "C:/Users/User/Documents/GitHub/Lawcaspro-v5/node_modules/.pnpm/pg@8.20.0/node_modules/pg/lib/connection.js". See https://vite.dev/guide/troubleshooting.html#module-externalized-for-browser-compatibility for more details.
[plugin vite:resolve] Module "util" has been externalized for browser compatibility, imported by "C:/Users/User/Documents/GitHub/Lawcaspro-v5/node_modules/.pnpm/pg@8.20.0/node_modules/pg/lib/utils.js". See https://vite.dev/guide/troubleshooting.html#module-externalized-for-browser-compatibility for more details.
[plugin vite:resolve] Module "events" has been externalized for browser compatibility, imported by "C:/Users/User/Documents/GitHub/Lawcaspro-v5/node_modules/.pnpm/pg-pool@3.13.0_pg@8.20.0/node_modules/pg-pool/index.js". See https://vite.dev/guide/troubleshooting.html#module-externalized-for-browser-compatibility for more details.
[plugin vite:resolve] Module "events" has been externalized for browser compatibility, imported by "C:/Users/User/Documents/GitHub/Lawcaspro-v5/node_modules/.pnpm/pg@8.20.0/node_modules/pg/lib/query.js". See https://vite.dev/guide/troubleshooting.html#module-externalized-for-browser-compatibility for more details.
[plugin vite:resolve] Module "path" has been externalized for browser compatibility, imported by "C:/Users/User/Documents/GitHub/Lawcaspro-v5/node_modules/.pnpm/pgpass@1.0.5/node_modules/pgpass/lib/index.js". See https://vite.dev/guide/troubleshooting.html#module-externalized-for-browser-compatibility for more details.
[plugin vite:resolve] Module "fs" has been externalized for browser compatibility, imported by "C:/Users/User/Documents/GitHub/Lawcaspro-v5/node_modules/.pnpm/pgpass@1.0.5/node_modules/pgpass/lib/index.js". See https://vite.dev/guide/troubleshooting.html#module-externalized-for-browser-compatibility for more details.
[plugin vite:resolve] Module "net" has been externalized for browser compatibility, imported by "C:/Users/User/Documents/GitHub/Lawcaspro-v5/node_modules/.pnpm/pg@8.20.0/node_modules/pg/lib/stream.js". See https://vite.dev/guide/troubleshooting.html#module-externalized-for-browser-compatibility for more details.
[plugin vite:resolve] Module "tls" has been externalized for browser compatibility, imported by "C:/Users/User/Documents/GitHub/Lawcaspro-v5/node_modules/.pnpm/pg@8.20.0/node_modules/pg/lib/stream.js". See https://vite.dev/guide/troubleshooting.html#module-externalized-for-browser-compatibility for more details.
[plugin vite:resolve] Module "util" has been externalized for browser compatibility, imported by "C:/Users/User/Documents/GitHub/Lawcaspro-v5/node_modules/.pnpm/pg@8.20.0/node_modules/pg/lib/native/client.js". See https://vite.dev/guide/troubleshooting.html#module-externalized-for-browser-compatibility for more details.
[plugin vite:resolve] Module "events" has been externalized for browser compatibility, imported by "C:/Users/User/Documents/GitHub/Lawcaspro-v5/node_modules/.pnpm/pg@8.20.0/node_modules/pg/lib/native/client.js". See https://vite.dev/guide/troubleshooting.html#module-externalized-for-browser-compatibility for more details.
[plugin vite:resolve] Module "dns" has been externalized for browser compatibility, imported by "C:/Users/User/Documents/GitHub/Lawcaspro-v5/node_modules/.pnpm/pg@8.20.0/node_modules/pg/lib/connection-parameters.js". See https://vite.dev/guide/troubleshooting.html#module-externalized-for-browser-compatibility for more details.
[plugin vite:resolve] Module "crypto" has been externalized for browser compatibility, imported by "C:/Users/User/Documents/GitHub/Lawcaspro-v5/node_modules/.pnpm/pg@8.20.0/node_modules/pg/lib/crypto/utils-webcrypto.js". See https://vite.dev/guide/troubleshooting.html#module-externalized-for-browser-compatibility for more details.
[plugin vite:resolve] Module "crypto" has been externalized for browser compatibility, imported by "C:/Users/User/Documents/GitHub/Lawcaspro-v5/node_modules/.pnpm/pg@8.20.0/node_modules/pg/lib/crypto/utils-legacy.js". See https://vite.dev/guide/troubleshooting.html#module-externalized-for-browser-compatibility for more details.
[plugin vite:resolve] Module "events" has been externalized for browser compatibility, imported by "C:/Users/User/Documents/GitHub/Lawcaspro-v5/node_modules/.pnpm/pg@8.20.0/node_modules/pg/lib/native/query.js". See https://vite.dev/guide/troubleshooting.html#module-externalized-for-browser-compatibility for more details.
[plugin vite:resolve] Module "util" has been externalized for browser compatibility, imported by "C:/Users/User/Documents/GitHub/Lawcaspro-v5/node_modules/.pnpm/pg@8.20.0/node_modules/pg/lib/native/query.js". See https://vite.dev/guide/troubleshooting.html#module-externalized-for-browser-compatibility for more details.
[plugin vite:resolve] Module "path" has been externalized for browser compatibility, imported by "C:/Users/User/Documents/GitHub/Lawcaspro-v5/node_modules/.pnpm/pgpass@1.0.5/node_modules/pgpass/lib/helper.js". See https://vite.dev/guide/troubleshooting.html#module-externalized-for-browser-compatibility for more details.
[plugin vite:resolve] Module "stream" has been externalized for browser compatibility, imported by "C:/Users/User/Documents/GitHub/Lawcaspro-v5/node_modules/.pnpm/pgpass@1.0.5/node_modules/pgpass/lib/helper.js". See https://vite.dev/guide/troubleshooting.html#module-externalized-for-browser-compatibility for more details.
[plugin vite:resolve] Module "util" has been externalized for browser compatibility, imported by "C:/Users/User/Documents/GitHub/Lawcaspro-v5/node_modules/.pnpm/pgpass@1.0.5/node_modules/pgpass/lib/helper.js". See https://vite.dev/guide/troubleshooting.html#module-externalized-for-browser-compatibility for more details.
[plugin vite:resolve] Module "fs" has been externalized for browser compatibility, imported by "C:/Users/User/Documents/GitHub/Lawcaspro-v5/node_modules/.pnpm/pg-connection-string@2.12.0/node_modules/pg-connection-string/index.js". See https://vite.dev/guide/troubleshooting.html#module-externalized-for-browser-compatibility for more details.
[plugin vite:resolve] Module "stream" has been externalized for browser compatibility, imported by "C:/Users/User/Documents/GitHub/Lawcaspro-v5/node_modules/.pnpm/split2@4.2.0/node_modules/split2/index.js". See https://vite.dev/guide/troubleshooting.html#module-externalized-for-browser-compatibility for more details.
[32mΓ£ô[39m 4035 modules transformed.
Circular chunk: page_cases -> page_misc -> page_cases. Please adjust the manual chunk logic for these chunks.
Circular chunk: page_cases -> page_app -> page_cases. Please adjust the manual chunk logic for these chunks.
Circular chunk: page_cases -> page_app -> page_accounting -> page_cases. Please adjust the manual chunk logic for these chunks.
Circular chunk: page_app -> page_accounting -> page_app. Please adjust the manual chunk logic for these chunks.
Circular chunk: pg -> pg-connection-string -> pg. Please adjust the manual chunk logic for these chunks.
Circular chunk: pg -> pgpass -> pg. Please adjust the manual chunk logic for these chunks.
Circular chunk: pg -> pgpass -> split2 -> pg. Please adjust the manual chunk logic for these chunks.
Circular chunk: pg -> pg-pool -> pg. Please adjust the manual chunk logic for these chunks.
Generated an empty chunk: "detect-node-es".
Generated an empty chunk: "@babel".
Generated an empty chunk: "dom-helpers".
rendering chunks...
computing gzip size...
[2mdist/public/[22m[32mindex.html                                   [39m[1m[2m  9.35 kB[22m[1m[22m[2m Γöé gzip:   1.99 kB[22m
[2mdist/public/[22m[35massets/react-pdf-CBXYWCWZ.css                [39m[1m[2m  9.14 kB[22m[1m[22m[2m Γöé gzip:   1.98 kB[22m
[2mdist/public/[22m[35massets/index-DnUOEKDM.css                    [39m[1m[2m159.36 kB[22m[1m[22m[2m Γöé gzip:  25.87 kB[22m
[2mdist/public/[22m[36massets/detect-node-es-l0sNRNKZ.js            [39m[1m[2m  0.00 kB[22m[1m[22m[2m Γöé gzip:   0.02 kB[22m
[2mdist/public/[22m[36massets/@babel-l0sNRNKZ.js                    [39m[1m[2m  0.00 kB[22m[1m[22m[2m Γöé gzip:   0.02 kB[22m
[2mdist/public/[22m[36massets/dom-helpers-l0sNRNKZ.js               [39m[1m[2m  0.00 kB[22m[1m[22m[2m Γöé gzip:   0.02 kB[22m
[2mdist/public/[22m[36massets/react-transition-group-C7glS-6k.js    [39m[1m[2m  0.06 kB[22m[1m[22m[2m Γöé gzip:   0.07 kB[22m
[2mdist/public/[22m[36massets/tiny-invariant-CopsF_GD.js            [39m[1m[2m  0.08 kB[22m[1m[22m[2m Γöé gzip:   0.10 kB[22m
[2mdist/public/[22m[36massets/get-nonce-C-Z93AgS.js                 [39m[1m[2m  0.09 kB[22m[1m[22m[2m Γöé gzip:   0.10 kB[22m
[2mdist/public/[22m[36massets/pg-cloudflare-KO6kLN72.js             [39m[1m[2m  0.12 kB[22m[1m[22m[2m Γöé gzip:   0.13 kB[22m
[2mdist/public/[22m[36massets/make-cancellable-promise-CC0pwun-.js  [39m[1m[2m  0.13 kB[22m[1m[22m[2m Γöé gzip:   0.13 kB[22m
[2mdist/public/[22m[36massets/warning-aAfNi_e2.js                   [39m[1m[2m  0.15 kB[22m[1m[22m[2m Γöé gzip:   0.14 kB[22m
[2mdist/public/[22m[36massets/xtend-Biw02QQ9.js                     [39m[1m[2m  0.22 kB[22m[1m[22m[2m Γöé gzip:   0.18 kB[22m
[2mdist/public/[22m[36massets/merge-refs-BsPylwb4.js                [39m[1m[2m  0.26 kB[22m[1m[22m[2m Γöé gzip:   0.20 kB[22m
[2mdist/public/[22m[36massets/clsx-B-dksMZM.js                      [39m[1m[2m  0.37 kB[22m[1m[22m[2m Γöé gzip:   0.24 kB[22m
[2mdist/public/[22m[36massets/postgres-bytea-CTckVQQi.js            [39m[1m[2m  0.44 kB[22m[1m[22m[2m Γöé gzip:   0.30 kB[22m
[2mdist/public/[22m[36massets/regexparam-CPXopyEH.js                [39m[1m[2m  0.46 kB[22m[1m[22m[2m Γöé gzip:   0.32 kB[22m
[2mdist/public/[22m[36massets/internmap-BkD7Hj8s.js                 [39m[1m[2m  0.64 kB[22m[1m[22m[2m Γöé gzip:   0.31 kB[22m
[2mdist/public/[22m[36massets/pg-int8-CLqzASge.js                   [39m[1m[2m  0.65 kB[22m[1m[22m[2m Γöé gzip:   0.27 kB[22m
[2mdist/public/[22m[36massets/use-callback-ref-HHmRdc_1.js          [39m[1m[2m  0.68 kB[22m[1m[22m[2m Γöé gzip:   0.38 kB[22m
[2mdist/public/[22m[36massets/class-variance-authority-B8k91cqS.js  [39m[1m[2m  0.70 kB[22m[1m[22m[2m Γöé gzip:   0.42 kB[22m
[2mdist/public/[22m[36massets/tslib-De9GV7Vy.js                     [39m[1m[2m  0.77 kB[22m[1m[22m[2m Γöé gzip:   0.41 kB[22m
[2mdist/public/[22m[36massets/react-style-singleton-s0saUXDf.js     [39m[1m[2m  0.81 kB[22m[1m[22m[2m Γöé gzip:   0.44 kB[22m
[2mdist/public/[22m[36massets/victory-vendor-BGgyBZSV.js            [39m[1m[2m  0.81 kB[22m[1m[22m[2m Γöé gzip:   0.42 kB[22m
[2mdist/public/[22m[36massets/safe-buffer-DX4-VfzN.js               [39m[1m[2m  0.86 kB[22m[1m[22m[2m Γöé gzip:   0.37 kB[22m
[2mdist/public/[22m[36massets/prop-types-BzfldnrH.js                [39m[1m[2m  0.93 kB[22m[1m[22m[2m Γöé gzip:   0.56 kB[22m
[2mdist/public/[22m[36massets/ieee754-DqQQEDOD.js                   [39m[1m[2m  0.94 kB[22m[1m[22m[2m Γöé gzip:   0.53 kB[22m
[2mdist/public/[22m[36massets/dequal-tFQomdd2.js                    [39m[1m[2m  1.06 kB[22m[1m[22m[2m Γöé gzip:   0.49 kB[22m
[2mdist/public/[22m[36massets/postgres-date-CNSly6PT.js             [39m[1m[2m  1.13 kB[22m[1m[22m[2m Γöé gzip:   0.58 kB[22m
[2mdist/public/[22m[36massets/use-sidecar-CJL0Ysi0.js               [39m[1m[2m  1.26 kB[22m[1m[22m[2m Γöé gzip:   0.63 kB[22m
[2mdist/public/[22m[36massets/prosemirror-keymap-BoZ_Bdjd.js        [39m[1m[2m  1.33 kB[22m[1m[22m[2m Γöé gzip:   0.69 kB[22m
[2mdist/public/[22m[36massets/postgres-array-XifAK_vS.js            [39m[1m[2m  1.34 kB[22m[1m[22m[2m Γöé gzip:   0.59 kB[22m
[2mdist/public/[22m[36massets/make-event-props-CrcdgBE7.js          [39m[1m[2m  1.40 kB[22m[1m[22m[2m Γöé gzip:   0.63 kB[22m
[2mdist/public/[22m[36massets/split2-BNo_QFWe.js                    [39m[1m[2m  1.40 kB[22m[1m[22m[2m Γöé gzip:   0.73 kB[22m
[2mdist/public/[22m[36massets/base64-js-DRz5BQNA.js                 [39m[1m[2m  1.44 kB[22m[1m[22m[2m Γöé gzip:   0.78 kB[22m
[2mdist/public/[22m[36massets/orderedmap-C4TimWWB.js                [39m[1m[2m  1.45 kB[22m[1m[22m[2m Γöé gzip:   0.56 kB[22m
[2mdist/public/[22m[36massets/aria-hidden-DvXkyWUv.js               [39m[1m[2m  1.47 kB[22m[1m[22m[2m Γöé gzip:   0.74 kB[22m
[2mdist/public/[22m[36massets/w3c-keyname-DEtA-KhA.js               [39m[1m[2m  1.49 kB[22m[1m[22m[2m Γöé gzip:   0.82 kB[22m
[2mdist/public/[22m[36massets/postgres-interval-BRRsCb3A.js         [39m[1m[2m  1.57 kB[22m[1m[22m[2m Γöé gzip:   0.80 kB[22m
[2mdist/public/[22m[36massets/@hookform-LW_K1k4n.js                 [39m[1m[2m  1.61 kB[22m[1m[22m[2m Γöé gzip:   0.80 kB[22m
[2mdist/public/[22m[36massets/use-sync-external-store-Cz9KQWYU.js   [39m[1m[2m  1.81 kB[22m[1m[22m[2m Γöé gzip:   0.84 kB[22m
[2mdist/public/[22m[36massets/react-is-FIeMBKkH.js                  [39m[1m[2m  1.99 kB[22m[1m[22m[2m Γöé gzip:   0.69 kB[22m
[2mdist/public/[22m[36massets/d3-path-CimkQT29.js                   [39m[1m[2m  2.03 kB[22m[1m[22m[2m Γöé gzip:   0.91 kB[22m
[2mdist/public/[22m[36massets/react-remove-scroll-bar-CoBpyeta.js   [39m[1m[2m  2.29 kB[22m[1m[22m[2m Γöé gzip:   0.95 kB[22m
[2mdist/public/[22m[36massets/d3-interpolate-CCf1iqz-.js            [39m[1m[2m  2.56 kB[22m[1m[22m[2m Γöé gzip:   1.20 kB[22m
[2mdist/public/[22m[36massets/pgpass-CzWl4ybf.js                    [39m[1m[2m  2.66 kB[22m[1m[22m[2m Γöé gzip:   1.42 kB[22m
[2mdist/public/[22m[36massets/prosemirror-schema-list-BQd42URf.js   [39m[1m[2m  2.79 kB[22m[1m[22m[2m Γöé gzip:   1.22 kB[22m
[2mdist/public/[22m[36massets/eventemitter3-COICzmRf.js             [39m[1m[2m  2.89 kB[22m[1m[22m[2m Γöé gzip:   1.12 kB[22m
[2mdist/public/[22m[36massets/prosemirror-dropcursor-Bjv_Roaw.js    [39m[1m[2m  3.15 kB[22m[1m[22m[2m Γöé gzip:   1.34 kB[22m
[2mdist/public/[22m[36massets/d3-array-g_qRI3rN.js                  [39m[1m[2m  3.36 kB[22m[1m[22m[2m Γöé gzip:   1.46 kB[22m
[2mdist/public/[22m[36massets/rope-sequence-nfUW61tr.js             [39m[1m[2m  3.40 kB[22m[1m[22m[2m Γöé gzip:   1.01 kB[22m
[2mdist/public/[22m[36massets/pg-connection-string-CUtN7DgO.js      [39m[1m[2m  3.51 kB[22m[1m[22m[2m Γöé gzip:   1.63 kB[22m
[2mdist/public/[22m[36massets/scheduler-7OC5HNn7.js                 [39m[1m[2m  3.61 kB[22m[1m[22m[2m Γöé gzip:   1.58 kB[22m
[2mdist/public/[22m[36massets/string_decoder-fPZxdyoa.js            [39m[1m[2m  3.67 kB[22m[1m[22m[2m Γöé gzip:   1.21 kB[22m
[2mdist/public/[22m[36massets/prosemirror-gapcursor-CgB75j5F.js     [39m[1m[2m  3.76 kB[22m[1m[22m[2m Γöé gzip:   1.64 kB[22m
[2mdist/public/[22m[36massets/wouter-HCVwazCM.js                    [39m[1m[2m  3.90 kB[22m[1m[22m[2m Γöé gzip:   1.97 kB[22m
[2mdist/public/[22m[36massets/@date-fns-BQcZugzN.js                 [39m[1m[2m  4.43 kB[22m[1m[22m[2m Γöé gzip:   1.49 kB[22m
[2mdist/public/[22m[36massets/d3-time-QpEiTrED.js                   [39m[1m[2m  4.64 kB[22m[1m[22m[2m Γöé gzip:   1.65 kB[22m
[2mdist/public/[22m[36massets/drizzle-zod-MIaNeMQF.js               [39m[1m[2m  4.70 kB[22m[1m[22m[2m Γöé gzip:   1.85 kB[22m
[2mdist/public/[22m[36massets/d3-format-BvjxjtCR.js                 [39m[1m[2m  4.93 kB[22m[1m[22m[2m Γöé gzip:   2.25 kB[22m
[2mdist/public/[22m[36massets/pg-types-eT8hgTnb.js                  [39m[1m[2m  5.68 kB[22m[1m[22m[2m Γöé gzip:   2.52 kB[22m
[2mdist/public/[22m[36massets/prosemirror-history-6sPN46iL.js       [39m[1m[2m  5.85 kB[22m[1m[22m[2m Γöé gzip:   2.33 kB[22m
[2mdist/public/[22m[36massets/recharts-scale-C1tgrEou.js            [39m[1m[2m  6.00 kB[22m[1m[22m[2m Γöé gzip:   2.20 kB[22m
[2mdist/public/[22m[36massets/react-remove-scroll-lDlrkx3X.js       [39m[1m[2m  6.09 kB[22m[1m[22m[2m Γöé gzip:   2.50 kB[22m
[2mdist/public/[22m[36massets/fast-equals-C7yKKq-w.js               [39m[1m[2m  6.19 kB[22m[1m[22m[2m Γöé gzip:   2.10 kB[22m
[2mdist/public/[22m[36massets/d3-color-9lF95FHy.js                  [39m[1m[2m  7.13 kB[22m[1m[22m[2m Γöé gzip:   3.02 kB[22m
[2mdist/public/[22m[36massets/pg-pool-Bo-szS-0.js                   [39m[1m[2m  7.26 kB[22m[1m[22m[2m Γöé gzip:   2.49 kB[22m
[2mdist/public/[22m[36massets/d3-time-format-BKO53YJi.js            [39m[1m[2m  9.02 kB[22m[1m[22m[2m Γöé gzip:   2.84 kB[22m
[2mdist/public/[22m[36massets/react-BErswcVu.js                     [39m[1m[2m  9.29 kB[22m[1m[22m[2m Γöé gzip:   3.50 kB[22m
[2mdist/public/[22m[36massets/prosemirror-commands-U2WKdB04.js      [39m[1m[2m  9.33 kB[22m[1m[22m[2m Γöé gzip:   3.10 kB[22m
[2mdist/public/[22m[36massets/cmdk-BX-vtz46.js                      [39m[1m[2m 11.76 kB[22m[1m[22m[2m Γöé gzip:   4.63 kB[22m
[2mdist/public/[22m[36massets/prosemirror-state-2PinWEqM.js         [39m[1m[2m 11.95 kB[22m[1m[22m[2m Γöé gzip:   4.07 kB[22m
[2mdist/public/[22m[36massets/pg-protocol-UAxsBEgc.js               [39m[1m[2m 12.34 kB[22m[1m[22m[2m Γöé gzip:   3.99 kB[22m
[2mdist/public/[22m[36massets/decimal.js-light-DQE-3iDJ.js          [39m[1m[2m 12.78 kB[22m[1m[22m[2m Γöé gzip:   5.48 kB[22m
[2mdist/public/[22m[36massets/d3-shape-nwul2LtV.js                  [39m[1m[2m 13.88 kB[22m[1m[22m[2m Γöé gzip:   3.87 kB[22m
[2mdist/public/[22m[36massets/d3-scale-Cuh9z0Hm.js                  [39m[1m[2m 15.02 kB[22m[1m[22m[2m Γöé gzip:   4.93 kB[22m
[2mdist/public/[22m[36massets/linkifyjs-C_cYPD2B.js                 [39m[1m[2m 17.98 kB[22m[1m[22m[2m Γöé gzip:  10.07 kB[22m
[2mdist/public/[22m[36massets/react-smooth-icQGoNYl.js              [39m[1m[2m 19.27 kB[22m[1m[22m[2m Γöé gzip:   5.29 kB[22m
[2mdist/public/[22m[36massets/react-pdf-D7OmZJpH.js                 [39m[1m[2m 20.00 kB[22m[1m[22m[2m Γöé gzip:   7.45 kB[22m
[2mdist/public/[22m[36massets/buffer-BSX9Qb2Y.js                    [39m[1m[2m 21.12 kB[22m[1m[22m[2m Γöé gzip:   6.18 kB[22m
[2mdist/public/[22m[36massets/@floating-ui-DP_exYNk.js              [39m[1m[2m 22.62 kB[22m[1m[22m[2m Γöé gzip:   8.71 kB[22m
[2mdist/public/[22m[36massets/date-fns-g7n6adF4.js                  [39m[1m[2m 22.65 kB[22m[1m[22m[2m Γöé gzip:   6.38 kB[22m
[2mdist/public/[22m[36massets/PdfMappingEditor-DgC8WViI.js          [39m[1m[2m 25.86 kB[22m[1m[22m[2m Γöé gzip:   8.16 kB[22m
[2mdist/public/[22m[36massets/tailwind-merge-CPcsbTWB.js            [39m[1m[2m 26.28 kB[22m[1m[22m[2m Γöé gzip:   8.23 kB[22m
[2mdist/public/[22m[36massets/react-resizable-panels-CQ6NoZaT.js    [39m[1m[2m 26.46 kB[22m[1m[22m[2m Γöé gzip:   9.33 kB[22m
[2mdist/public/[22m[36massets/dompurify-Bp9_lNcF.js                 [39m[1m[2m 27.88 kB[22m[1m[22m[2m Γöé gzip:  10.54 kB[22m
[2mdist/public/[22m[36massets/react-hook-form-B-0QGNE5.js           [39m[1m[2m 28.81 kB[22m[1m[22m[2m Γöé gzip:  10.56 kB[22m
[2mdist/public/[22m[36massets/prosemirror-transform-Cdrs-iaV.js     [39m[1m[2m 31.26 kB[22m[1m[22m[2m Γöé gzip:   9.49 kB[22m
[2mdist/public/[22m[36massets/lucide-react-BdQr0q3H.js              [39m[1m[2m 35.40 kB[22m[1m[22m[2m Γöé gzip:  11.33 kB[22m
[2mdist/public/[22m[36massets/prosemirror-tables-C5xAs1Nm.js        [39m[1m[2m 35.43 kB[22m[1m[22m[2m Γöé gzip:  11.57 kB[22m
[2mdist/public/[22m[36massets/lodash-CqMPokv4.js                    [39m[1m[2m 37.82 kB[22m[1m[22m[2m Γöé gzip:  13.95 kB[22m
[2mdist/public/[22m[36massets/@tanstack-DA5E2f1a.js                 [39m[1m[2m 38.82 kB[22m[1m[22m[2m Γöé gzip:  11.47 kB[22m
[2mdist/public/[22m[36massets/react-day-picker-Bsh23Kbv.js          [39m[1m[2m 41.11 kB[22m[1m[22m[2m Γöé gzip:  12.90 kB[22m
[2mdist/public/[22m[36massets/ui-components-CyLPTiYk.js             [39m[1m[2m 42.44 kB[22m[1m[22m[2m Γöé gzip:   9.75 kB[22m
[2mdist/public/[22m[36massets/pg-DdtEyUHM.js                        [39m[1m[2m 43.71 kB[22m[1m[22m[2m Γöé gzip:  12.81 kB[22m
[2mdist/public/[22m[36massets/prosemirror-model-DPEaNGuv.js         [39m[1m[2m 44.81 kB[22m[1m[22m[2m Γöé gzip:  14.30 kB[22m
[2mdist/public/[22m[36massets/docx-preview-DQ6FzEVv.js              [39m[1m[2m 75.08 kB[22m[1m[22m[2m Γöé gzip:  20.29 kB[22m
[2mdist/public/[22m[36massets/index-BI52hsab.js                     [39m[1m[2m 83.68 kB[22m[1m[22m[2m Γöé gzip:  19.56 kB[22m
[2mdist/public/[22m[36massets/drizzle-orm-Bvdh0IbO.js               [39m[1m[2m 83.79 kB[22m[1m[22m[2m Γöé gzip:  21.57 kB[22m
[2mdist/public/[22m[36massets/jszip-Du9Z-VnU.js                     [39m[1m[2m 96.76 kB[22m[1m[22m[2m Γöé gzip:  29.89 kB[22m
[2mdist/public/[22m[36massets/prosemirror-view-C7FRWDNb.js          [39m[1m[2m 97.55 kB[22m[1m[22m[2m Γöé gzip:  31.09 kB[22m
[2mdist/public/[22m[36massets/@radix-ui-DRnFzVBl.js                 [39m[1m[2m118.69 kB[22m[1m[22m[2m Γöé gzip:  34.98 kB[22m
[2mdist/public/[22m[36massets/page_documents-raAVU71w.js            [39m[1m[2m142.74 kB[22m[1m[22m[2m Γöé gzip:  34.69 kB[22m
[2mdist/public/[22m[36massets/react-dom-Dq21XUiZ.js                 [39m[1m[2m173.12 kB[22m[1m[22m[2m Γöé gzip:  54.40 kB[22m
[2mdist/public/[22m[36massets/@tiptap-BlGDVpCB.js                   [39m[1m[2m188.19 kB[22m[1m[22m[2m Γöé gzip:  55.67 kB[22m
[2mdist/public/[22m[36massets/zod-BLgt3nwV.js                       [39m[1m[2m262.66 kB[22m[1m[22m[2m Γöé gzip:  58.61 kB[22m
[2mdist/public/[22m[36massets/recharts-BdBaeWOq.js                  [39m[1m[2m269.96 kB[22m[1m[22m[2m Γöé gzip:  61.48 kB[22m
[2mdist/public/[22m[36massets/page_accounting-COUfDw8w.js           [39m[1m[2m276.13 kB[22m[1m[22m[2m Γöé gzip:  58.90 kB[22m
[2mdist/public/[22m[36massets/page_misc-XDJHoVeL.js                 [39m[1m[2m334.86 kB[22m[1m[22m[2m Γöé gzip:  73.03 kB[22m
[2mdist/public/[22m[36massets/pdfjs-dist-5wEdOWwS.js                [39m[1m[2m400.15 kB[22m[1m[22m[2m Γöé gzip: 117.01 kB[22m
[2mdist/public/[22m[36massets/page_cases-BBNeCjG1.js                [39m[1m[33m637.23 kB[39m[22m[2m Γöé gzip: 135.91 kB[22m
[2mdist/public/[22m[36massets/page_app-cR-WrPbx.js                  [39m[1m[33m652.01 kB[39m[22m[2m Γöé gzip: 133.91 kB[22m

(!) Some chunks are larger than 600 kB after minification. Consider:
- Using dynamic import() to code-split the application
- Use build.rollupOptions.output.manualChunks to improve chunking: https://rollupjs.org/configuration-options/#output-manualchunks
- Adjust chunk size limit for this warning via build.chunkSizeWarningLimit.
[32mΓ£ô built in 1m 7s[39m
Detected `pnpm-lock.yaml` version 9 generated by pnpm@10.x with package.json#packageManager pnpm@9.15.5
Installing dependencies...
Detected `pnpm-lock.yaml` version 9 generated by pnpm@10.x with package.json#packageManager pnpm@9.15.5
Scope: all 13 workspace projects
Lockfile is up to date, resolution step is skipped
Already up to date

dependencies:
+ @workspace/api-server 0.0.0 <- artifacts\api-server
+ @workspace/api-zod 0.0.0 <- lib\api-zod
+ @workspace/db 0.0.0 <- lib\db
+ bcryptjs 3.0.3
+ cookie-parser 1.4.7
+ cors 2.8.6
+ decimal.js 10.6.0
+ drizzle-orm 0.45.1
+ express 4.22.1
+ helmet 8.1.0
+ otpauth 9.5.0
+ pino 9.14.0
+ pino-http 10.5.0

optionalDependencies:
+ @rollup/rollup-win32-x64-msvc 4.59.0
+ @tailwindcss/oxide-win32-x64-msvc 4.2.1
+ lightningcss-win32-x64-msvc 1.31.1

devDependencies:
+ @types/express 4.17.25
+ @types/node 25.6.0
+ prettier 3.8.3
+ typescript 5.9.3

. preinstall$ node preinstall.mjs
. preinstall: Done
Done in 10s
Using TypeScript 5.9.3 (local user-provided)
Detected `pnpm-lock.yaml` version 9 generated by pnpm@10.x with package.json#packageManager pnpm@9.15.5
Using TypeScript 5.9.3 (local user-provided)
Build Completed in .vercel\output [5m]
