Vercel CLI 58.7.1 (Node.js 25.3.0)
Fetching deployment "dpl_BBjswZ3t3pLrUcXKuSHjsXVA41qS" in limkahluns-projects
2026-08-12T13:40:44.594Z  Running build in Washington, D.C., USA (East) ΓÇô iad1
2026-08-12T13:40:44.594Z  Build machine configuration: 4 cores, 8 GB
2026-08-12T13:40:44.633Z  Retrieving list of deployment files...
2026-08-12T13:40:44.929Z  Concatenating deployment archive files...
2026-08-12T13:40:44.930Z  Extracting deployment files...
2026-08-12T13:41:02.438Z  Extracted 20500 deployment files...
2026-08-12T13:41:05.385Z  Restored build cache from previous deployment (EZ4N7AUVnD8S3YCJ77ngoxUjtJRF)
2026-08-12T13:41:08.411Z  Running "vercel build"
2026-08-12T13:41:08.447Z  Vercel CLI 58.1.0
2026-08-12T13:41:13.275Z  Detected `pnpm-lock.yaml` version 9 generated by pnpm@10.x with package.json#packageManager pnpm@9.15.5
2026-08-12T13:41:13.275Z  Running "install" command: `pnpm install`...
2026-08-12T13:41:17.505Z  Scope: all 13 workspace projects
2026-08-12T13:41:17.696Z  Lockfile is up to date, resolution step is skipped
2026-08-12T13:41:18.083Z  Already up to date
2026-08-12T13:41:19.960Z  
2026-08-12T13:41:20.155Z  . preinstall$ node preinstall.mjs
2026-08-12T13:41:20.199Z  . preinstall: Done
2026-08-12T13:41:20.201Z  Done in 3.1s
2026-08-12T13:41:21.124Z  
2026-08-12T13:41:21.124Z  > workspace@0.0.0 build /vercel/path0
2026-08-12T13:41:21.125Z  > pnpm run typecheck && pnpm -C artifacts/api-server run build && pnpm -C artifacts/lawcaspro run build
2026-08-12T13:41:21.125Z  
2026-08-12T13:41:21.553Z  
2026-08-12T13:41:21.554Z  > workspace@0.0.0 typecheck /vercel/path0
2026-08-12T13:41:21.554Z  > pnpm run typecheck:libs && pnpm -r --filter "./artifacts/**" --filter "./scripts" --filter "!@workspace/lawcaspro" --filter "!@workspace/lawcaspro-mobile" --if-present run typecheck
2026-08-12T13:41:21.554Z  
2026-08-12T13:41:21.996Z  
2026-08-12T13:41:21.996Z  > workspace@0.0.0 typecheck:libs /vercel/path0
2026-08-12T13:41:21.997Z  > echo '[DIAG] typecheck:libs START' && node scripts/build-cleanup.mjs rm lib/db/dist lib/db/tsconfig.tsbuildinfo && echo '[DIAG] BUILD lib/db clean' && pnpm -C lib/db run build && echo '[DIAG] lib/db dist:' && (node scripts/build-cleanup.mjs ls-head lib/db/dist 5 || echo '  FAIL') && node scripts/build-cleanup.mjs rm lib/documents-registry/dist lib/documents-registry/tsconfig.tsbuildinfo && echo '[DIAG] BUILD lib/documents-registry clean' && pnpm -C lib/documents-registry run build && echo '[DIAG] lib/doc-registry dist:' && (node scripts/build-cleanup.mjs ls-head lib/documents-registry/dist 3 || echo '  FAIL') && node scripts/build-cleanup.mjs rm lib/api-client-react/dist lib/api-client-react/tsconfig.tsbuildinfo && echo '[DIAG] BUILD lib/api-client-react clean' && pnpm -C lib/api-client-react run build && node scripts/build-cleanup.mjs rm lib/api-zod/dist lib/api-zod/tsconfig.tsbuildinfo && echo '[DIAG] BUILD lib/api-zod clean' && pnpm -C lib/api-zod run build && echo '[DIAG] FINAL VERIFY via workspace link:' && (node scripts/build-cleanup.mjs ls-head artifacts/api-server/node_modules/@workspace/db/dist 6 || echo '  MISSING') && echo '[DIAG] typecheck:libs DONE'
2026-08-12T13:41:21.997Z  
2026-08-12T13:41:22.001Z  [DIAG] typecheck:libs START
2026-08-12T13:41:22.033Z  [DIAG] BUILD lib/db clean
2026-08-12T13:41:22.456Z  
2026-08-12T13:41:22.456Z  > @workspace/db@0.0.0 build /vercel/path0/lib/db
2026-08-12T13:41:22.456Z  > tsc -p tsconfig.json
2026-08-12T13:41:22.456Z  
2026-08-12T13:41:31.563Z  [DIAG] lib/db dist:
2026-08-12T13:41:31.599Z  feature-registry.d.ts
2026-08-12T13:41:31.600Z  feature-registry.d.ts.map
2026-08-12T13:41:31.600Z  feature-registry.js
2026-08-12T13:41:31.600Z  index.d.ts
2026-08-12T13:41:31.600Z  index.d.ts.map
2026-08-12T13:41:31.633Z  [DIAG] BUILD lib/documents-registry clean
2026-08-12T13:41:32.073Z  
2026-08-12T13:41:32.073Z  > @workspace/documents-registry@0.0.0 build /vercel/path0/lib/documents-registry
2026-08-12T13:41:32.073Z  > tsc -p tsconfig.json
2026-08-12T13:41:32.073Z  
2026-08-12T13:41:32.441Z  [DIAG] lib/doc-registry dist:
2026-08-12T13:41:32.472Z  index.d.ts
2026-08-12T13:41:32.472Z  index.d.ts.map
2026-08-12T13:41:32.472Z  index.js
2026-08-12T13:41:32.510Z  [DIAG] BUILD lib/api-client-react clean
2026-08-12T13:41:32.959Z  
2026-08-12T13:41:32.959Z  > @workspace/api-client-react@0.0.0 build /vercel/path0/lib/api-client-react
2026-08-12T13:41:32.960Z  > tsc -p tsconfig.json
2026-08-12T13:41:32.960Z  
2026-08-12T13:41:35.027Z  [DIAG] BUILD lib/api-zod clean
2026-08-12T13:41:35.458Z  
2026-08-12T13:41:35.458Z  > @workspace/api-zod@0.0.0 build /vercel/path0/lib/api-zod
2026-08-12T13:41:35.458Z  > tsc -p tsconfig.json
2026-08-12T13:41:35.458Z  
2026-08-12T13:41:37.333Z  [DIAG] FINAL VERIFY via workspace link:
2026-08-12T13:41:37.366Z  feature-registry.d.ts
2026-08-12T13:41:37.366Z  feature-registry.d.ts.map
2026-08-12T13:41:37.366Z  feature-registry.js
2026-08-12T13:41:37.366Z  index.d.ts
2026-08-12T13:41:37.367Z  index.d.ts.map
2026-08-12T13:41:37.367Z  index.js
2026-08-12T13:41:37.371Z  [DIAG] typecheck:libs DONE
2026-08-12T13:41:37.860Z  Scope: 4 of 13 workspace projects
2026-08-12T13:41:37.863Z  artifacts/api-server typecheck$ tsc -p tsconfig.json --noEmit
2026-08-12T13:41:37.864Z  artifacts/docx-pdf-worker typecheck$ tsc -p tsconfig.json --noEmit
2026-08-12T13:41:37.867Z  artifacts/mockup-sandbox typecheck$ tsc -p tsconfig.json --noEmit
2026-08-12T13:41:37.867Z  scripts typecheck$ tsc -p tsconfig.json --noEmit
2026-08-12T13:41:40.785Z  artifacts/docx-pdf-worker typecheck: Done
2026-08-12T13:41:41.839Z  scripts typecheck: Done
2026-08-12T13:41:45.377Z  artifacts/mockup-sandbox typecheck: Done
2026-08-12T13:42:01.423Z  artifacts/api-server typecheck: Done
2026-08-12T13:42:01.893Z  
2026-08-12T13:42:01.893Z  > @workspace/api-server@0.0.0 build /vercel/path0/artifacts/api-server
2026-08-12T13:42:01.893Z  > node ./build.mjs
2026-08-12T13:42:01.893Z  
2026-08-12T13:42:03.659Z  
2026-08-12T13:42:03.660Z  dist/app.js                        16.5mb ΓÜá∩╕Å
2026-08-12T13:42:03.660Z  dist/pino-worker.js               153.4kb
2026-08-12T13:42:03.660Z  dist/pino-file.js                 142.0kb
2026-08-12T13:42:03.660Z  dist/pino-pretty.js               114.6kb
2026-08-12T13:42:03.661Z  dist/thread-stream-worker.js        7.3kb
2026-08-12T13:42:03.661Z  dist/app.js.map                    29.8mb
2026-08-12T13:42:03.661Z  dist/pino-worker.js.map           256.9kb
2026-08-12T13:42:03.661Z  dist/pino-file.js.map             229.0kb
2026-08-12T13:42:03.661Z  dist/pino-pretty.js.map           204.0kb
2026-08-12T13:42:03.661Z  dist/thread-stream-worker.js.map   12.0kb
2026-08-12T13:42:03.661Z  
2026-08-12T13:42:03.661Z  ΓÜí Done in 1678ms
2026-08-12T13:42:04.953Z  
2026-08-12T13:42:04.954Z  dist/index.mjs                      16.5mb ΓÜá∩╕Å
2026-08-12T13:42:04.954Z  dist/pino-worker.mjs               153.4kb
2026-08-12T13:42:04.954Z  dist/pino-file.mjs                 142.0kb
2026-08-12T13:42:04.954Z  dist/pino-pretty.mjs               114.6kb
2026-08-12T13:42:04.955Z  dist/thread-stream-worker.mjs        7.3kb
2026-08-12T13:42:04.955Z  dist/index.mjs.map                  29.8mb
2026-08-12T13:42:04.955Z  dist/pino-worker.mjs.map           256.9kb
2026-08-12T13:42:04.955Z  dist/pino-file.mjs.map             229.0kb
2026-08-12T13:42:04.955Z  dist/pino-pretty.mjs.map           204.0kb
2026-08-12T13:42:04.955Z  dist/thread-stream-worker.mjs.map   12.0kb
2026-08-12T13:42:04.955Z  
2026-08-12T13:42:04.956Z  ΓÜí Done in 1291ms
2026-08-12T13:42:05.419Z  
2026-08-12T13:42:05.419Z  > @workspace/lawcaspro@0.0.0 build /vercel/path0/artifacts/lawcaspro
2026-08-12T13:42:05.419Z  > vite build --config vite.config.ts
2026-08-12T13:42:05.419Z  
2026-08-12T13:42:05.795Z  vite v7.3.2 building client environment for production...
2026-08-12T13:42:05.881Z  transforming...
2026-08-12T13:42:06.524Z  src/components/ui/tooltip.tsx (2:0): Error when using sourcemap for reporting an error: Can't resolve original location of error.
2026-08-12T13:42:08.433Z  src/components/ui/sheet.tsx (2:0): Error when using sourcemap for reporting an error: Can't resolve original location of error.
2026-08-12T13:42:08.523Z  src/components/ui/label.tsx (2:0): Error when using sourcemap for reporting an error: Can't resolve original location of error.
2026-08-12T13:42:08.804Z  src/components/ui/select.tsx (2:0): Error when using sourcemap for reporting an error: Can't resolve original location of error.
2026-08-12T13:42:08.807Z  src/components/ui/command.tsx (2:0): Error when using sourcemap for reporting an error: Can't resolve original location of error.
2026-08-12T13:42:08.923Z  src/components/ui/resizable.tsx (2:0): Error when using sourcemap for reporting an error: Can't resolve original location of error.
2026-08-12T13:42:08.990Z  src/components/ui/progress.tsx (2:0): Error when using sourcemap for reporting an error: Can't resolve original location of error.
2026-08-12T13:42:09.412Z  src/components/communication/email-compose-dialog.tsx (2:0): Error when using sourcemap for reporting an error: Can't resolve original location of error.
2026-08-12T13:42:09.925Z  src/components/ui/calendar.tsx (2:0): Error when using sourcemap for reporting an error: Can't resolve original location of error.
2026-08-12T13:42:10.308Z  src/components/ui/dropdown-menu.tsx (2:0): Error when using sourcemap for reporting an error: Can't resolve original location of error.
2026-08-12T13:42:10.513Z  src/components/ui/collapsible.tsx (2:0): Error when using sourcemap for reporting an error: Can't resolve original location of error.
2026-08-12T13:42:10.584Z  [plugin vite:resolve] Module "events" has been externalized for browser compatibility, imported by "/vercel/path0/node_modules/.pnpm/pg@8.20.0/node_modules/pg/lib/client.js". See https://vite.dev/guide/troubleshooting.html#module-externalized-for-browser-compatibility for more details.
2026-08-12T13:42:10.585Z  [plugin vite:resolve] Module "util" has been externalized for browser compatibility, imported by "/vercel/path0/node_modules/.pnpm/pg@8.20.0/node_modules/pg/lib/client.js". See https://vite.dev/guide/troubleshooting.html#module-externalized-for-browser-compatibility for more details.
2026-08-12T13:42:10.588Z  [plugin vite:resolve] Module "util" has been externalized for browser compatibility, imported by "/vercel/path0/node_modules/.pnpm/pg@8.20.0/node_modules/pg/lib/utils.js". See https://vite.dev/guide/troubleshooting.html#module-externalized-for-browser-compatibility for more details.
2026-08-12T13:42:10.592Z  [plugin vite:resolve] Module "events" has been externalized for browser compatibility, imported by "/vercel/path0/node_modules/.pnpm/pg-pool@3.13.0_pg@8.20.0/node_modules/pg-pool/index.js". See https://vite.dev/guide/troubleshooting.html#module-externalized-for-browser-compatibility for more details.
2026-08-12T13:42:10.593Z  [plugin vite:resolve] Module "events" has been externalized for browser compatibility, imported by "/vercel/path0/node_modules/.pnpm/pg@8.20.0/node_modules/pg/lib/connection.js". See https://vite.dev/guide/troubleshooting.html#module-externalized-for-browser-compatibility for more details.
2026-08-12T13:42:10.594Z  [plugin vite:resolve] Module "net" has been externalized for browser compatibility, imported by "/vercel/path0/node_modules/.pnpm/pg@8.20.0/node_modules/pg/lib/connection.js". See https://vite.dev/guide/troubleshooting.html#module-externalized-for-browser-compatibility for more details.
2026-08-12T13:42:10.890Z  [plugin vite:resolve] Module "events" has been externalized for browser compatibility, imported by "/vercel/path0/node_modules/.pnpm/pg@8.20.0/node_modules/pg/lib/query.js". See https://vite.dev/guide/troubleshooting.html#module-externalized-for-browser-compatibility for more details.
2026-08-12T13:42:10.892Z  [plugin vite:resolve] Module "path" has been externalized for browser compatibility, imported by "/vercel/path0/node_modules/.pnpm/pgpass@1.0.5/node_modules/pgpass/lib/index.js". See https://vite.dev/guide/troubleshooting.html#module-externalized-for-browser-compatibility for more details.
2026-08-12T13:42:10.892Z  [plugin vite:resolve] Module "fs" has been externalized for browser compatibility, imported by "/vercel/path0/node_modules/.pnpm/pgpass@1.0.5/node_modules/pgpass/lib/index.js". See https://vite.dev/guide/troubleshooting.html#module-externalized-for-browser-compatibility for more details.
2026-08-12T13:42:10.893Z  [plugin vite:resolve] Module "net" has been externalized for browser compatibility, imported by "/vercel/path0/node_modules/.pnpm/pg@8.20.0/node_modules/pg/lib/stream.js". See https://vite.dev/guide/troubleshooting.html#module-externalized-for-browser-compatibility for more details.
2026-08-12T13:42:10.893Z  [plugin vite:resolve] Module "tls" has been externalized for browser compatibility, imported by "/vercel/path0/node_modules/.pnpm/pg@8.20.0/node_modules/pg/lib/stream.js". See https://vite.dev/guide/troubleshooting.html#module-externalized-for-browser-compatibility for more details.
2026-08-12T13:42:10.908Z  [plugin vite:resolve] Module "util" has been externalized for browser compatibility, imported by "/vercel/path0/node_modules/.pnpm/pg@8.20.0/node_modules/pg/lib/native/client.js". See https://vite.dev/guide/troubleshooting.html#module-externalized-for-browser-compatibility for more details.
2026-08-12T13:42:10.909Z  [plugin vite:resolve] Module "events" has been externalized for browser compatibility, imported by "/vercel/path0/node_modules/.pnpm/pg@8.20.0/node_modules/pg/lib/native/client.js". See https://vite.dev/guide/troubleshooting.html#module-externalized-for-browser-compatibility for more details.
2026-08-12T13:42:11.035Z  [plugin vite:resolve] Module "dns" has been externalized for browser compatibility, imported by "/vercel/path0/node_modules/.pnpm/pg@8.20.0/node_modules/pg/lib/connection-parameters.js". See https://vite.dev/guide/troubleshooting.html#module-externalized-for-browser-compatibility for more details.
2026-08-12T13:42:11.285Z  [plugin vite:resolve] Module "crypto" has been externalized for browser compatibility, imported by "/vercel/path0/node_modules/.pnpm/pg@8.20.0/node_modules/pg/lib/crypto/utils-legacy.js". See https://vite.dev/guide/troubleshooting.html#module-externalized-for-browser-compatibility for more details.
2026-08-12T13:42:11.286Z  [plugin vite:resolve] Module "crypto" has been externalized for browser compatibility, imported by "/vercel/path0/node_modules/.pnpm/pg@8.20.0/node_modules/pg/lib/crypto/utils-webcrypto.js". See https://vite.dev/guide/troubleshooting.html#module-externalized-for-browser-compatibility for more details.
2026-08-12T13:42:11.310Z  [plugin vite:resolve] Module "events" has been externalized for browser compatibility, imported by "/vercel/path0/node_modules/.pnpm/pg@8.20.0/node_modules/pg/lib/native/query.js". See https://vite.dev/guide/troubleshooting.html#module-externalized-for-browser-compatibility for more details.
2026-08-12T13:42:11.311Z  [plugin vite:resolve] Module "util" has been externalized for browser compatibility, imported by "/vercel/path0/node_modules/.pnpm/pg@8.20.0/node_modules/pg/lib/native/query.js". See https://vite.dev/guide/troubleshooting.html#module-externalized-for-browser-compatibility for more details.
2026-08-12T13:42:11.337Z  [plugin vite:resolve] Module "path" has been externalized for browser compatibility, imported by "/vercel/path0/node_modules/.pnpm/pgpass@1.0.5/node_modules/pgpass/lib/helper.js". See https://vite.dev/guide/troubleshooting.html#module-externalized-for-browser-compatibility for more details.
2026-08-12T13:42:11.337Z  [plugin vite:resolve] Module "stream" has been externalized for browser compatibility, imported by "/vercel/path0/node_modules/.pnpm/pgpass@1.0.5/node_modules/pgpass/lib/helper.js". See https://vite.dev/guide/troubleshooting.html#module-externalized-for-browser-compatibility for more details.
2026-08-12T13:42:11.339Z  [plugin vite:resolve] Module "util" has been externalized for browser compatibility, imported by "/vercel/path0/node_modules/.pnpm/pgpass@1.0.5/node_modules/pgpass/lib/helper.js". See https://vite.dev/guide/troubleshooting.html#module-externalized-for-browser-compatibility for more details.
2026-08-12T13:42:11.340Z  [plugin vite:resolve] Module "fs" has been externalized for browser compatibility, imported by "/vercel/path0/node_modules/.pnpm/pg-connection-string@2.12.0/node_modules/pg-connection-string/index.js". See https://vite.dev/guide/troubleshooting.html#module-externalized-for-browser-compatibility for more details.
2026-08-12T13:42:11.424Z  [plugin vite:resolve] Module "stream" has been externalized for browser compatibility, imported by "/vercel/path0/node_modules/.pnpm/split2@4.2.0/node_modules/split2/index.js". See https://vite.dev/guide/troubleshooting.html#module-externalized-for-browser-compatibility for more details.
2026-08-12T13:42:18.587Z  Γ£ô 4035 modules transformed.
2026-08-12T13:42:18.662Z  Circular chunk: page_cases -> page_misc -> page_cases. Please adjust the manual chunk logic for these chunks.
2026-08-12T13:42:18.663Z  Circular chunk: page_cases -> page_app -> page_cases. Please adjust the manual chunk logic for these chunks.
2026-08-12T13:42:18.663Z  Circular chunk: page_cases -> page_app -> page_accounting -> page_cases. Please adjust the manual chunk logic for these chunks.
2026-08-12T13:42:18.663Z  Circular chunk: page_app -> page_accounting -> page_app. Please adjust the manual chunk logic for these chunks.
2026-08-12T13:42:18.663Z  Circular chunk: pg -> pg-connection-string -> pg. Please adjust the manual chunk logic for these chunks.
2026-08-12T13:42:18.663Z  Circular chunk: pg -> pgpass -> pg. Please adjust the manual chunk logic for these chunks.
2026-08-12T13:42:18.664Z  Circular chunk: pg -> pgpass -> split2 -> pg. Please adjust the manual chunk logic for these chunks.
2026-08-12T13:42:18.664Z  Circular chunk: pg -> pg-pool -> pg. Please adjust the manual chunk logic for these chunks.
2026-08-12T13:42:18.811Z  Generated an empty chunk: "detect-node-es".
2026-08-12T13:42:19.354Z  Generated an empty chunk: "@babel".
2026-08-12T13:42:19.355Z  Generated an empty chunk: "dom-helpers".
2026-08-12T13:42:19.625Z  rendering chunks...
2026-08-12T13:42:20.879Z  computing gzip size...
2026-08-12T13:42:20.947Z  dist/public/index.html                                     9.35 kB Γöé gzip:   1.99 kB
2026-08-12T13:42:20.948Z  dist/public/assets/react-pdf-CBXYWCWZ.css                  9.14 kB Γöé gzip:   1.98 kB
2026-08-12T13:42:20.948Z  dist/public/assets/index-DnUOEKDM.css                    159.36 kB Γöé gzip:  25.87 kB
2026-08-12T13:42:20.948Z  dist/public/assets/detect-node-es-l0sNRNKZ.js              0.00 kB Γöé gzip:   0.02 kB
2026-08-12T13:42:20.948Z  dist/public/assets/@babel-l0sNRNKZ.js                      0.00 kB Γöé gzip:   0.02 kB
2026-08-12T13:42:20.948Z  dist/public/assets/dom-helpers-l0sNRNKZ.js                 0.00 kB Γöé gzip:   0.02 kB
2026-08-12T13:42:20.948Z  dist/public/assets/react-transition-group-C7glS-6k.js      0.06 kB Γöé gzip:   0.07 kB
2026-08-12T13:42:20.948Z  dist/public/assets/tiny-invariant-CopsF_GD.js              0.08 kB Γöé gzip:   0.10 kB
2026-08-12T13:42:20.948Z  dist/public/assets/get-nonce-C-Z93AgS.js                   0.09 kB Γöé gzip:   0.10 kB
2026-08-12T13:42:20.949Z  dist/public/assets/pg-cloudflare-KO6kLN72.js               0.12 kB Γöé gzip:   0.13 kB
2026-08-12T13:42:20.949Z  dist/public/assets/make-cancellable-promise-CC0pwun-.js    0.13 kB Γöé gzip:   0.13 kB
2026-08-12T13:42:20.949Z  dist/public/assets/warning-aAfNi_e2.js                     0.15 kB Γöé gzip:   0.14 kB
2026-08-12T13:42:20.949Z  dist/public/assets/xtend-Biw02QQ9.js                       0.22 kB Γöé gzip:   0.18 kB
2026-08-12T13:42:20.949Z  dist/public/assets/merge-refs-BsPylwb4.js                  0.26 kB Γöé gzip:   0.20 kB
2026-08-12T13:42:20.949Z  dist/public/assets/clsx-B-dksMZM.js                        0.37 kB Γöé gzip:   0.24 kB
2026-08-12T13:42:20.949Z  dist/public/assets/postgres-bytea-CTckVQQi.js              0.44 kB Γöé gzip:   0.30 kB
2026-08-12T13:42:20.949Z  dist/public/assets/regexparam-CPXopyEH.js                  0.46 kB Γöé gzip:   0.32 kB
2026-08-12T13:42:20.949Z  dist/public/assets/internmap-BkD7Hj8s.js                   0.64 kB Γöé gzip:   0.31 kB
2026-08-12T13:42:20.949Z  dist/public/assets/pg-int8-CLqzASge.js                     0.65 kB Γöé gzip:   0.27 kB
2026-08-12T13:42:20.949Z  dist/public/assets/use-callback-ref-HHmRdc_1.js            0.68 kB Γöé gzip:   0.38 kB
2026-08-12T13:42:20.949Z  dist/public/assets/class-variance-authority-B8k91cqS.js    0.70 kB Γöé gzip:   0.42 kB
2026-08-12T13:42:20.949Z  dist/public/assets/tslib-De9GV7Vy.js                       0.77 kB Γöé gzip:   0.41 kB
2026-08-12T13:42:20.949Z  dist/public/assets/react-style-singleton-s0saUXDf.js       0.81 kB Γöé gzip:   0.44 kB
2026-08-12T13:42:20.949Z  dist/public/assets/victory-vendor-BGgyBZSV.js              0.81 kB Γöé gzip:   0.42 kB
2026-08-12T13:42:20.949Z  dist/public/assets/safe-buffer-DX4-VfzN.js                 0.86 kB Γöé gzip:   0.37 kB
2026-08-12T13:42:20.949Z  dist/public/assets/prop-types-BzfldnrH.js                  0.93 kB Γöé gzip:   0.56 kB
2026-08-12T13:42:20.949Z  dist/public/assets/ieee754-DqQQEDOD.js                     0.94 kB Γöé gzip:   0.53 kB
2026-08-12T13:42:20.949Z  dist/public/assets/dequal-tFQomdd2.js                      1.06 kB Γöé gzip:   0.49 kB
2026-08-12T13:42:20.949Z  dist/public/assets/postgres-date-CNSly6PT.js               1.13 kB Γöé gzip:   0.58 kB
2026-08-12T13:42:20.949Z  dist/public/assets/use-sidecar-CJL0Ysi0.js                 1.26 kB Γöé gzip:   0.63 kB
2026-08-12T13:42:20.949Z  dist/public/assets/prosemirror-keymap-BoZ_Bdjd.js          1.33 kB Γöé gzip:   0.69 kB
2026-08-12T13:42:20.949Z  dist/public/assets/postgres-array-XifAK_vS.js              1.34 kB Γöé gzip:   0.59 kB
2026-08-12T13:42:20.951Z  dist/public/assets/make-event-props-CrcdgBE7.js            1.40 kB Γöé gzip:   0.63 kB
2026-08-12T13:42:20.951Z  dist/public/assets/split2-BNo_QFWe.js                      1.40 kB Γöé gzip:   0.73 kB
2026-08-12T13:42:20.951Z  dist/public/assets/base64-js-DRz5BQNA.js                   1.44 kB Γöé gzip:   0.78 kB
2026-08-12T13:42:20.951Z  dist/public/assets/orderedmap-C4TimWWB.js                  1.45 kB Γöé gzip:   0.56 kB
2026-08-12T13:42:20.951Z  dist/public/assets/aria-hidden-DvXkyWUv.js                 1.47 kB Γöé gzip:   0.74 kB
2026-08-12T13:42:20.951Z  dist/public/assets/w3c-keyname-DEtA-KhA.js                 1.49 kB Γöé gzip:   0.82 kB
2026-08-12T13:42:20.951Z  dist/public/assets/postgres-interval-BRRsCb3A.js           1.57 kB Γöé gzip:   0.80 kB
2026-08-12T13:42:20.951Z  dist/public/assets/@hookform-LW_K1k4n.js                   1.61 kB Γöé gzip:   0.80 kB
2026-08-12T13:42:20.951Z  dist/public/assets/use-sync-external-store-Cz9KQWYU.js     1.81 kB Γöé gzip:   0.84 kB
2026-08-12T13:42:20.951Z  dist/public/assets/react-is-FIeMBKkH.js                    1.99 kB Γöé gzip:   0.69 kB
2026-08-12T13:42:20.951Z  dist/public/assets/d3-path-CimkQT29.js                     2.03 kB Γöé gzip:   0.91 kB
2026-08-12T13:42:20.952Z  dist/public/assets/react-remove-scroll-bar-CoBpyeta.js     2.29 kB Γöé gzip:   0.95 kB
2026-08-12T13:42:20.952Z  dist/public/assets/d3-interpolate-CCf1iqz-.js              2.56 kB Γöé gzip:   1.20 kB
2026-08-12T13:42:20.952Z  dist/public/assets/pgpass-CzWl4ybf.js                      2.66 kB Γöé gzip:   1.42 kB
2026-08-12T13:42:20.952Z  dist/public/assets/prosemirror-schema-list-BQd42URf.js     2.79 kB Γöé gzip:   1.22 kB
2026-08-12T13:42:20.952Z  dist/public/assets/eventemitter3-COICzmRf.js               2.89 kB Γöé gzip:   1.12 kB
2026-08-12T13:42:20.952Z  dist/public/assets/prosemirror-dropcursor-Bjv_Roaw.js      3.15 kB Γöé gzip:   1.34 kB
2026-08-12T13:42:20.952Z  dist/public/assets/d3-array-g_qRI3rN.js                    3.36 kB Γöé gzip:   1.46 kB
2026-08-12T13:42:20.952Z  dist/public/assets/rope-sequence-nfUW61tr.js               3.40 kB Γöé gzip:   1.01 kB
2026-08-12T13:42:20.952Z  dist/public/assets/pg-connection-string-CUtN7DgO.js        3.51 kB Γöé gzip:   1.63 kB
2026-08-12T13:42:20.952Z  dist/public/assets/scheduler-7OC5HNn7.js                   3.61 kB Γöé gzip:   1.58 kB
2026-08-12T13:42:20.952Z  dist/public/assets/string_decoder-fPZxdyoa.js              3.67 kB Γöé gzip:   1.21 kB
2026-08-12T13:42:20.952Z  dist/public/assets/prosemirror-gapcursor-CgB75j5F.js       3.76 kB Γöé gzip:   1.64 kB
2026-08-12T13:42:20.952Z  dist/public/assets/wouter-HCVwazCM.js                      3.90 kB Γöé gzip:   1.97 kB
2026-08-12T13:42:20.952Z  dist/public/assets/@date-fns-BQcZugzN.js                   4.43 kB Γöé gzip:   1.49 kB
2026-08-12T13:42:20.952Z  dist/public/assets/d3-time-QpEiTrED.js                     4.64 kB Γöé gzip:   1.65 kB
2026-08-12T13:42:20.952Z  dist/public/assets/drizzle-zod-MIaNeMQF.js                 4.70 kB Γöé gzip:   1.85 kB
2026-08-12T13:42:20.952Z  dist/public/assets/d3-format-BvjxjtCR.js                   4.93 kB Γöé gzip:   2.25 kB
2026-08-12T13:42:20.952Z  dist/public/assets/pg-types-eT8hgTnb.js                    5.68 kB Γöé gzip:   2.52 kB
2026-08-12T13:42:20.952Z  dist/public/assets/prosemirror-history-6sPN46iL.js         5.85 kB Γöé gzip:   2.33 kB
2026-08-12T13:42:20.952Z  dist/public/assets/recharts-scale-C1tgrEou.js              6.00 kB Γöé gzip:   2.20 kB
2026-08-12T13:42:20.952Z  dist/public/assets/react-remove-scroll-lDlrkx3X.js         6.09 kB Γöé gzip:   2.50 kB
2026-08-12T13:42:20.952Z  dist/public/assets/fast-equals-C7yKKq-w.js                 6.19 kB Γöé gzip:   2.10 kB
2026-08-12T13:42:20.952Z  dist/public/assets/d3-color-9lF95FHy.js                    7.13 kB Γöé gzip:   3.02 kB
2026-08-12T13:42:20.952Z  dist/public/assets/pg-pool-Bo-szS-0.js                     7.26 kB Γöé gzip:   2.49 kB
2026-08-12T13:42:20.952Z  dist/public/assets/d3-time-format-BKO53YJi.js              9.02 kB Γöé gzip:   2.84 kB
2026-08-12T13:42:20.952Z  dist/public/assets/react-BErswcVu.js                       9.29 kB Γöé gzip:   3.50 kB
2026-08-12T13:42:20.952Z  dist/public/assets/prosemirror-commands-U2WKdB04.js        9.33 kB Γöé gzip:   3.10 kB
2026-08-12T13:42:20.953Z  dist/public/assets/cmdk-BX-vtz46.js                       11.76 kB Γöé gzip:   4.63 kB
2026-08-12T13:42:20.953Z  dist/public/assets/prosemirror-state-2PinWEqM.js          11.95 kB Γöé gzip:   4.07 kB
2026-08-12T13:42:20.953Z  dist/public/assets/pg-protocol-UAxsBEgc.js                12.34 kB Γöé gzip:   3.99 kB
2026-08-12T13:42:20.953Z  dist/public/assets/decimal.js-light-DQE-3iDJ.js           12.78 kB Γöé gzip:   5.48 kB
2026-08-12T13:42:20.953Z  dist/public/assets/d3-shape-nwul2LtV.js                   13.88 kB Γöé gzip:   3.87 kB
2026-08-12T13:42:20.953Z  dist/public/assets/d3-scale-Cuh9z0Hm.js                   15.02 kB Γöé gzip:   4.93 kB
2026-08-12T13:42:20.953Z  dist/public/assets/linkifyjs-C_cYPD2B.js                  17.98 kB Γöé gzip:  10.07 kB
2026-08-12T13:42:20.953Z  dist/public/assets/react-smooth-icQGoNYl.js               19.27 kB Γöé gzip:   5.29 kB
2026-08-12T13:42:20.953Z  dist/public/assets/react-pdf-D7OmZJpH.js                  20.00 kB Γöé gzip:   7.45 kB
2026-08-12T13:42:20.953Z  dist/public/assets/buffer-BSX9Qb2Y.js                     21.12 kB Γöé gzip:   6.18 kB
2026-08-12T13:42:20.953Z  dist/public/assets/@floating-ui-DP_exYNk.js               22.62 kB Γöé gzip:   8.71 kB
2026-08-12T13:42:20.953Z  dist/public/assets/date-fns-g7n6adF4.js                   22.65 kB Γöé gzip:   6.38 kB
2026-08-12T13:42:20.953Z  dist/public/assets/PdfMappingEditor-DgC8WViI.js           25.86 kB Γöé gzip:   8.16 kB
2026-08-12T13:42:20.953Z  dist/public/assets/tailwind-merge-CPcsbTWB.js             26.28 kB Γöé gzip:   8.23 kB
2026-08-12T13:42:20.954Z  dist/public/assets/react-resizable-panels-CQ6NoZaT.js     26.46 kB Γöé gzip:   9.33 kB
2026-08-12T13:42:20.954Z  dist/public/assets/dompurify-Bp9_lNcF.js                  27.88 kB Γöé gzip:  10.54 kB
2026-08-12T13:42:20.954Z  dist/public/assets/react-hook-form-B-0QGNE5.js            28.81 kB Γöé gzip:  10.56 kB
2026-08-12T13:42:20.954Z  dist/public/assets/prosemirror-transform-Cdrs-iaV.js      31.26 kB Γöé gzip:   9.49 kB
2026-08-12T13:42:20.954Z  dist/public/assets/lucide-react-BdQr0q3H.js               35.40 kB Γöé gzip:  11.33 kB
2026-08-12T13:42:20.954Z  dist/public/assets/prosemirror-tables-C5xAs1Nm.js         35.43 kB Γöé gzip:  11.57 kB
2026-08-12T13:42:20.954Z  dist/public/assets/lodash-CqMPokv4.js                     37.82 kB Γöé gzip:  13.95 kB
2026-08-12T13:42:20.954Z  dist/public/assets/@tanstack-DA5E2f1a.js                  38.82 kB Γöé gzip:  11.47 kB
2026-08-12T13:42:20.954Z  dist/public/assets/react-day-picker-Bsh23Kbv.js           41.11 kB Γöé gzip:  12.90 kB
2026-08-12T13:42:20.954Z  dist/public/assets/ui-components-CyLPTiYk.js              42.44 kB Γöé gzip:   9.75 kB
2026-08-12T13:42:20.954Z  dist/public/assets/pg-DdtEyUHM.js                         43.71 kB Γöé gzip:  12.81 kB
2026-08-12T13:42:20.954Z  dist/public/assets/prosemirror-model-DPEaNGuv.js          44.81 kB Γöé gzip:  14.30 kB
2026-08-12T13:42:20.954Z  dist/public/assets/docx-preview-DQ6FzEVv.js               75.08 kB Γöé gzip:  20.29 kB
2026-08-12T13:42:20.955Z  dist/public/assets/index-BI52hsab.js                      83.68 kB Γöé gzip:  19.56 kB
2026-08-12T13:42:20.955Z  dist/public/assets/drizzle-orm-Bvdh0IbO.js                83.79 kB Γöé gzip:  21.57 kB
2026-08-12T13:42:20.955Z  dist/public/assets/jszip-Du9Z-VnU.js                      96.76 kB Γöé gzip:  29.89 kB
2026-08-12T13:42:20.955Z  dist/public/assets/prosemirror-view-C7FRWDNb.js           97.55 kB Γöé gzip:  31.09 kB
2026-08-12T13:42:20.955Z  dist/public/assets/@radix-ui-DRnFzVBl.js                 118.69 kB Γöé gzip:  34.98 kB
2026-08-12T13:42:20.955Z  dist/public/assets/page_documents-raAVU71w.js            142.74 kB Γöé gzip:  34.69 kB
2026-08-12T13:42:20.955Z  dist/public/assets/react-dom-Dq21XUiZ.js                 173.12 kB Γöé gzip:  54.40 kB
2026-08-12T13:42:20.955Z  dist/public/assets/@tiptap-BlGDVpCB.js                   188.19 kB Γöé gzip:  55.67 kB
2026-08-12T13:42:20.955Z  dist/public/assets/zod-BLgt3nwV.js                       262.66 kB Γöé gzip:  58.61 kB
2026-08-12T13:42:20.955Z  dist/public/assets/recharts-BdBaeWOq.js                  269.96 kB Γöé gzip:  61.48 kB
2026-08-12T13:42:20.955Z  dist/public/assets/page_accounting-COUfDw8w.js           276.13 kB Γöé gzip:  58.90 kB
2026-08-12T13:42:20.955Z  dist/public/assets/page_misc-XDJHoVeL.js                 334.86 kB Γöé gzip:  73.03 kB
2026-08-12T13:42:20.955Z  dist/public/assets/pdfjs-dist-5wEdOWwS.js                400.15 kB Γöé gzip: 117.01 kB
2026-08-12T13:42:20.955Z  dist/public/assets/page_cases-BBNeCjG1.js                637.23 kB Γöé gzip: 135.91 kB
2026-08-12T13:42:20.955Z  dist/public/assets/page_app-cR-WrPbx.js                  652.01 kB Γöé gzip: 133.91 kB
2026-08-12T13:42:20.955Z  Γ£ô built in 15.12s
2026-08-12T13:42:20.956Z  
2026-08-12T13:42:20.956Z  (!) Some chunks are larger than 600 kB after minification. Consider:
2026-08-12T13:42:20.956Z  - Using dynamic import() to code-split the application
2026-08-12T13:42:20.956Z  - Use build.rollupOptions.output.manualChunks to improve chunking: https://rollupjs.org/configuration-options/#output-manualchunks
2026-08-12T13:42:20.956Z  - Adjust chunk size limit for this warning via build.chunkSizeWarningLimit.
2026-08-12T13:42:21.216Z  Detected `pnpm-lock.yaml` version 9 generated by pnpm@10.x with package.json#packageManager pnpm@9.15.5
2026-08-12T13:42:21.257Z  Installing dependencies...
2026-08-12T13:42:22.077Z  Scope: all 13 workspace projects
2026-08-12T13:42:22.247Z  Lockfile is up to date, resolution step is skipped
2026-08-12T13:42:22.422Z  Already up to date
2026-08-12T13:42:24.008Z  
2026-08-12T13:42:24.200Z  . preinstall$ node preinstall.mjs
2026-08-12T13:42:24.249Z  . preinstall: Done
2026-08-12T13:42:24.252Z  Done in 2.6s
2026-08-12T13:42:24.555Z  Using TypeScript 5.9.3 (local user-provided)
2026-08-12T13:42:38.389Z  Detected `pnpm-lock.yaml` version 9 generated by pnpm@10.x with package.json#packageManager pnpm@9.15.5
2026-08-12T13:42:38.497Z  Using TypeScript 5.9.3 (local user-provided)
2026-08-12T13:42:50.471Z  Build Completed in /vercel/output [2m]
2026-08-12T13:42:50.538Z  Deploying outputs...
2026-08-12T13:43:01.416Z  Deployment completed
2026-08-12T13:43:02.720Z  Creating build cache...
2026-08-12T13:44:42.943Z  Created build cache: 2m
2026-08-12T13:44:42.943Z  Uploading build cache [380.93 MB]
status	ΓùÅ Ready
