Vercel CLI 58.7.1 (Node.js 25.3.0) | curl is in beta ΓÇö https://vercel.com/feedback
  % Total    % Received % Xferd  Average Speed  Time    Time    Time   Current
                                 Dload  Upload  Total   Spent   Left   Speed

  0      0   0      0   0      0      0      0                              0
  0   9352   0      0   0      0      0      0                              0
  0   9352   0      0   0      0      0      0                              0
  0   9352   0      0   0      0      0      0                              0
HTTP/1.1 200 OK
Accept-Ranges: bytes
Access-Control-Allow-Origin: *
Age: 0
Cache-Control: public, max-age=0, must-revalidate
Content-Disposition: inline
Content-Length: 9352
Content-Type: text/html; charset=utf-8
Date: Wed, 12 Aug 2026 13:44:23 GMT
Etag: "1ca0aec96ac34d79e44a9ce30d019002"
Last-Modified: Wed, 12 Aug 2026 13:44:24 GMT
Server: Vercel
Strict-Transport-Security: max-age=63072000; includeSubDomains; preload
X-Robots-Tag: noindex
X-Vercel-Cache: MISS
X-Vercel-Id: sin1::858f5-1786542263490-a842e137f8ef

